<?xml version="1.0" encoding="ISO-8859-1" ?>
<link_info>
   <banner>TI ARM Linker PC v18.12.4.LTS</banner>
   <copyright>Copyright (c) 1996-2018 Texas Instruments Incorporated</copyright>
   <link_time>0x5de492a2</link_time>
   <link_errors>0x0</link_errors>
   <output_file>progdevices.out</output_file>
   <entry_point>
      <name>_c_int00_noargs</name>
      <address>0x38ed</address>
   </entry_point>
   <input_file_list>
      <input_file id="fl-2">
         <path>.\</path>
         <kind>object</kind>
         <file>fontfixed4x5.obj</file>
         <name>fontfixed4x5.obj</name>
      </input_file>
      <input_file id="fl-3">
         <path>.\</path>
         <kind>object</kind>
         <file>main.obj</file>
         <name>main.obj</name>
      </input_file>
      <input_file id="fl-4">
         <path>.\</path>
         <kind>object</kind>
         <file>pong .obj</file>
         <name>pong .obj</name>
      </input_file>
      <input_file id="fl-5">
         <path>.\</path>
         <kind>object</kind>
         <file>startup_msp432p4111_ccs.obj</file>
         <name>startup_msp432p4111_ccs.obj</name>
      </input_file>
      <input_file id="fl-6">
         <path>.\</path>
         <kind>object</kind>
         <file>system_msp432p4111.obj</file>
         <name>system_msp432p4111.obj</name>
      </input_file>
      <input_file id="fl-7">
         <path>.\LcdDriver\</path>
         <kind>object</kind>
         <file>Crystalfontz128x128_ST7735.obj</file>
         <name>Crystalfontz128x128_ST7735.obj</name>
      </input_file>
      <input_file id="fl-8">
         <path>.\LcdDriver\</path>
         <kind>object</kind>
         <file>HAL_MSP_EXP432P401R_Crystalfontz128x128_ST7735.obj</file>
         <name>HAL_MSP_EXP432P401R_Crystalfontz128x128_ST7735.obj</name>
      </input_file>
      <input_file id="fl-13">
         <kind>object</kind>
         <file>&lt;internal&gt;</file>
         <name>&lt;internal&gt;</name>
      </input_file>
      <input_file id="fl-14">
         <path>C:\ti\simplelink_msp432p4_sdk_3_20_00_06\source\ti\grlib\lib\ccs\m4f\</path>
         <kind>archive</kind>
         <file>grlib.a</file>
         <name>context.obj</name>
      </input_file>
      <input_file id="fl-15">
         <path>C:\ti\simplelink_msp432p4_sdk_3_20_00_06\source\ti\grlib\lib\ccs\m4f\</path>
         <kind>archive</kind>
         <file>grlib.a</file>
         <name>display.obj</name>
      </input_file>
      <input_file id="fl-16">
         <path>C:\ti\simplelink_msp432p4_sdk_3_20_00_06\source\ti\grlib\lib\ccs\m4f\</path>
         <kind>archive</kind>
         <file>grlib.a</file>
         <name>string.obj</name>
      </input_file>
      <input_file id="fl-17">
         <path>C:\ti\simplelink_msp432p4_sdk_3_20_00_06\source\ti\grlib\lib\ccs\m4f\</path>
         <kind>archive</kind>
         <file>grlib.a</file>
         <name>line.obj</name>
      </input_file>
      <input_file id="fl-18">
         <path>C:\ti\simplelink_msp432p4_sdk_3_20_00_06\source\ti\devices\msp432p4xx\driverlib\ccs\</path>
         <kind>archive</kind>
         <file>msp432p4xx_driverlib.lib</file>
         <name>flash_a.o</name>
      </input_file>
      <input_file id="fl-19">
         <path>C:\ti\simplelink_msp432p4_sdk_3_20_00_06\source\ti\devices\msp432p4xx\driverlib\ccs\</path>
         <kind>archive</kind>
         <file>msp432p4xx_driverlib.lib</file>
         <name>gpio.o</name>
      </input_file>
      <input_file id="fl-1a">
         <path>C:\ti\simplelink_msp432p4_sdk_3_20_00_06\source\ti\devices\msp432p4xx\driverlib\ccs\</path>
         <kind>archive</kind>
         <file>msp432p4xx_driverlib.lib</file>
         <name>interrupt.o</name>
      </input_file>
      <input_file id="fl-1b">
         <path>C:\ti\simplelink_msp432p4_sdk_3_20_00_06\source\ti\devices\msp432p4xx\driverlib\ccs\</path>
         <kind>archive</kind>
         <file>msp432p4xx_driverlib.lib</file>
         <name>pcm.o</name>
      </input_file>
      <input_file id="fl-1c">
         <path>C:\ti\simplelink_msp432p4_sdk_3_20_00_06\source\ti\devices\msp432p4xx\driverlib\ccs\</path>
         <kind>archive</kind>
         <file>msp432p4xx_driverlib.lib</file>
         <name>rtc_c.o</name>
      </input_file>
      <input_file id="fl-1d">
         <path>C:\ti\simplelink_msp432p4_sdk_3_20_00_06\source\ti\devices\msp432p4xx\driverlib\ccs\</path>
         <kind>archive</kind>
         <file>msp432p4xx_driverlib.lib</file>
         <name>spi.o</name>
      </input_file>
      <input_file id="fl-1e">
         <path>C:\ti\simplelink_msp432p4_sdk_3_20_00_06\source\ti\devices\msp432p4xx\driverlib\ccs\</path>
         <kind>archive</kind>
         <file>msp432p4xx_driverlib.lib</file>
         <name>sysctl_a.o</name>
      </input_file>
      <input_file id="fl-1f">
         <path>C:\ti\simplelink_msp432p4_sdk_3_20_00_06\source\ti\devices\msp432p4xx\driverlib\ccs\</path>
         <kind>archive</kind>
         <file>msp432p4xx_driverlib.lib</file>
         <name>wdt_a.o</name>
      </input_file>
      <input_file id="fl-20">
         <path>C:\ti\simplelink_msp432p4_sdk_3_20_00_06\source\ti\devices\msp432p4xx\driverlib\ccs\</path>
         <kind>archive</kind>
         <file>msp432p4xx_driverlib.lib</file>
         <name>cpu.o</name>
      </input_file>
      <input_file id="fl-d6">
         <path>C:\ti\ccs910\ccs\tools\compiler\ti-cgt-arm_18.12.4.LTS\lib\</path>
         <kind>archive</kind>
         <file>rtsv7M4_T_le_v4SPD16_eabi.lib</file>
         <name>sprintf.c.obj</name>
      </input_file>
      <input_file id="fl-d7">
         <path>C:\ti\ccs910\ccs\tools\compiler\ti-cgt-arm_18.12.4.LTS\lib\</path>
         <kind>archive</kind>
         <file>rtsv7M4_T_le_v4SPD16_eabi.lib</file>
         <name>memcpy_t2.asm.obj</name>
      </input_file>
      <input_file id="fl-d8">
         <path>C:\ti\ccs910\ccs\tools\compiler\ti-cgt-arm_18.12.4.LTS\lib\</path>
         <kind>archive</kind>
         <file>rtsv7M4_T_le_v4SPD16_eabi.lib</file>
         <name>copy_zero_init.c.obj</name>
      </input_file>
      <input_file id="fl-d9">
         <path>C:\ti\ccs910\ccs\tools\compiler\ti-cgt-arm_18.12.4.LTS\lib\</path>
         <kind>archive</kind>
         <file>rtsv7M4_T_le_v4SPD16_eabi.lib</file>
         <name>copy_decompress_none.c.obj</name>
      </input_file>
      <input_file id="fl-da">
         <path>C:\ti\ccs910\ccs\tools\compiler\ti-cgt-arm_18.12.4.LTS\lib\</path>
         <kind>archive</kind>
         <file>rtsv7M4_T_le_v4SPD16_eabi.lib</file>
         <name>copy_decompress_lzss.c.obj</name>
      </input_file>
      <input_file id="fl-db">
         <path>C:\ti\ccs910\ccs\tools\compiler\ti-cgt-arm_18.12.4.LTS\lib\</path>
         <kind>archive</kind>
         <file>rtsv7M4_T_le_v4SPD16_eabi.lib</file>
         <name>boot_cortex_m.c.obj</name>
      </input_file>
      <input_file id="fl-dc">
         <path>C:\ti\ccs910\ccs\tools\compiler\ti-cgt-arm_18.12.4.LTS\lib\</path>
         <kind>archive</kind>
         <file>rtsv7M4_T_le_v4SPD16_eabi.lib</file>
         <name>_printfi.c.obj</name>
      </input_file>
      <input_file id="fl-dd">
         <path>C:\ti\ccs910\ccs\tools\compiler\ti-cgt-arm_18.12.4.LTS\lib\</path>
         <kind>archive</kind>
         <file>rtsv7M4_T_le_v4SPD16_eabi.lib</file>
         <name>fd_add_t2.asm.obj</name>
      </input_file>
      <input_file id="fl-de">
         <path>C:\ti\ccs910\ccs\tools\compiler\ti-cgt-arm_18.12.4.LTS\lib\</path>
         <kind>archive</kind>
         <file>rtsv7M4_T_le_v4SPD16_eabi.lib</file>
         <name>fd_cmp_t2.asm.obj</name>
      </input_file>
      <input_file id="fl-df">
         <path>C:\ti\ccs910\ccs\tools\compiler\ti-cgt-arm_18.12.4.LTS\lib\</path>
         <kind>archive</kind>
         <file>rtsv7M4_T_le_v4SPD16_eabi.lib</file>
         <name>fd_div_t2.asm.obj</name>
      </input_file>
      <input_file id="fl-e0">
         <path>C:\ti\ccs910\ccs\tools\compiler\ti-cgt-arm_18.12.4.LTS\lib\</path>
         <kind>archive</kind>
         <file>rtsv7M4_T_le_v4SPD16_eabi.lib</file>
         <name>fd_mul_t2.asm.obj</name>
      </input_file>
      <input_file id="fl-e1">
         <path>C:\ti\ccs910\ccs\tools\compiler\ti-cgt-arm_18.12.4.LTS\lib\</path>
         <kind>archive</kind>
         <file>rtsv7M4_T_le_v4SPD16_eabi.lib</file>
         <name>fd_toi_t2.asm.obj</name>
      </input_file>
      <input_file id="fl-e2">
         <path>C:\ti\ccs910\ccs\tools\compiler\ti-cgt-arm_18.12.4.LTS\lib\</path>
         <kind>archive</kind>
         <file>rtsv7M4_T_le_v4SPD16_eabi.lib</file>
         <name>i_tofd_t2.asm.obj</name>
      </input_file>
      <input_file id="fl-e3">
         <path>C:\ti\ccs910\ccs\tools\compiler\ti-cgt-arm_18.12.4.LTS\lib\</path>
         <kind>archive</kind>
         <file>rtsv7M4_T_le_v4SPD16_eabi.lib</file>
         <name>ull_div_t2.asm.obj</name>
      </input_file>
      <input_file id="fl-e4">
         <path>C:\ti\ccs910\ccs\tools\compiler\ti-cgt-arm_18.12.4.LTS\lib\</path>
         <kind>archive</kind>
         <file>rtsv7M4_T_le_v4SPD16_eabi.lib</file>
         <name>memset_t2.asm.obj</name>
      </input_file>
      <input_file id="fl-e5">
         <path>C:\ti\ccs910\ccs\tools\compiler\ti-cgt-arm_18.12.4.LTS\lib\</path>
         <kind>archive</kind>
         <file>rtsv7M4_T_le_v4SPD16_eabi.lib</file>
         <name>autoinit.c.obj</name>
      </input_file>
      <input_file id="fl-e6">
         <path>C:\ti\ccs910\ccs\tools\compiler\ti-cgt-arm_18.12.4.LTS\lib\</path>
         <kind>archive</kind>
         <file>rtsv7M4_T_le_v4SPD16_eabi.lib</file>
         <name>pre_init.c.obj</name>
      </input_file>
      <input_file id="fl-e7">
         <path>C:\ti\ccs910\ccs\tools\compiler\ti-cgt-arm_18.12.4.LTS\lib\</path>
         <kind>archive</kind>
         <file>rtsv7M4_T_le_v4SPD16_eabi.lib</file>
         <name>cpy_tbl.c.obj</name>
      </input_file>
      <input_file id="fl-e8">
         <path>C:\ti\ccs910\ccs\tools\compiler\ti-cgt-arm_18.12.4.LTS\lib\</path>
         <kind>archive</kind>
         <file>rtsv7M4_T_le_v4SPD16_eabi.lib</file>
         <name>exit.c.obj</name>
      </input_file>
      <input_file id="fl-e9">
         <path>C:\ti\ccs910\ccs\tools\compiler\ti-cgt-arm_18.12.4.LTS\lib\</path>
         <kind>archive</kind>
         <file>rtsv7M4_T_le_v4SPD16_eabi.lib</file>
         <name>_lock.c.obj</name>
      </input_file>
      <input_file id="fl-ea">
         <path>C:\ti\ccs910\ccs\tools\compiler\ti-cgt-arm_18.12.4.LTS\lib\</path>
         <kind>archive</kind>
         <file>rtsv7M4_T_le_v4SPD16_eabi.lib</file>
         <name>args_main.c.obj</name>
      </input_file>
      <input_file id="fl-eb">
         <path>C:\ti\ccs910\ccs\tools\compiler\ti-cgt-arm_18.12.4.LTS\lib\</path>
         <kind>archive</kind>
         <file>rtsv7M4_T_le_v4SPD16_eabi.lib</file>
         <name>atoi.c.obj</name>
      </input_file>
      <input_file id="fl-ec">
         <path>C:\ti\ccs910\ccs\tools\compiler\ti-cgt-arm_18.12.4.LTS\lib\</path>
         <kind>archive</kind>
         <file>rtsv7M4_T_le_v4SPD16_eabi.lib</file>
         <name>ctype.c.obj</name>
      </input_file>
      <input_file id="fl-ed">
         <path>C:\ti\ccs910\ccs\tools\compiler\ti-cgt-arm_18.12.4.LTS\lib\</path>
         <kind>archive</kind>
         <file>rtsv7M4_T_le_v4SPD16_eabi.lib</file>
         <name>ltoa.c.obj</name>
      </input_file>
      <input_file id="fl-ee">
         <path>C:\ti\ccs910\ccs\tools\compiler\ti-cgt-arm_18.12.4.LTS\lib\</path>
         <kind>archive</kind>
         <file>rtsv7M4_T_le_v4SPD16_eabi.lib</file>
         <name>memccpy.c.obj</name>
      </input_file>
      <input_file id="fl-ef">
         <path>C:\ti\ccs910\ccs\tools\compiler\ti-cgt-arm_18.12.4.LTS\lib\</path>
         <kind>archive</kind>
         <file>rtsv7M4_T_le_v4SPD16_eabi.lib</file>
         <name>strchr.c.obj</name>
      </input_file>
      <input_file id="fl-f0">
         <path>C:\ti\ccs910\ccs\tools\compiler\ti-cgt-arm_18.12.4.LTS\lib\</path>
         <kind>archive</kind>
         <file>rtsv7M4_T_le_v4SPD16_eabi.lib</file>
         <name>strlen.c.obj</name>
      </input_file>
      <input_file id="fl-f1">
         <path>C:\ti\ccs910\ccs\tools\compiler\ti-cgt-arm_18.12.4.LTS\lib\</path>
         <kind>archive</kind>
         <file>rtsv7M4_T_le_v4SPD16_eabi.lib</file>
         <name>errno.c.obj</name>
      </input_file>
      <input_file id="fl-f2">
         <path>C:\ti\ccs910\ccs\tools\compiler\ti-cgt-arm_18.12.4.LTS\lib\</path>
         <kind>archive</kind>
         <file>rtsv7M4_T_le_v4SPD16_eabi.lib</file>
         <name>wcslen.c.obj</name>
      </input_file>
      <input_file id="fl-f3">
         <path>C:\ti\ccs910\ccs\tools\compiler\ti-cgt-arm_18.12.4.LTS\lib\</path>
         <kind>archive</kind>
         <file>rtsv7M4_T_le_v4SPD16_eabi.lib</file>
         <name>s_frexp.c.obj</name>
      </input_file>
      <input_file id="fl-f4">
         <path>C:\ti\ccs910\ccs\tools\compiler\ti-cgt-arm_18.12.4.LTS\lib\</path>
         <kind>archive</kind>
         <file>rtsv7M4_T_le_v4SPD16_eabi.lib</file>
         <name>s_scalbn.c.obj</name>
      </input_file>
      <input_file id="fl-f5">
         <path>C:\ti\ccs910\ccs\tools\compiler\ti-cgt-arm_18.12.4.LTS\lib\</path>
         <kind>archive</kind>
         <file>rtsv7M4_T_le_v4SPD16_eabi.lib</file>
         <name>div0.asm.obj</name>
      </input_file>
      <input_file id="fl-f6">
         <path>C:\ti\ccs910\ccs\tools\compiler\ti-cgt-arm_18.12.4.LTS\lib\</path>
         <kind>archive</kind>
         <file>rtsv7M4_T_le_v4SPD16_eabi.lib</file>
         <name>s_copysign.c.obj</name>
      </input_file>
   </input_file_list>
   <object_component_list>
      <object_component id="oc-23">
         <name>.intvecs:retain</name>
         <load_address>0x0</load_address>
         <run_address>0x0</run_address>
         <size>0xe8</size>
         <input_file_ref idref="fl-5"/>
      </object_component>
      <object_component id="oc-245">
         <name>.text:__TI_printfi</name>
         <load_address>0xe8</load_address>
         <run_address>0xe8</run_address>
         <size>0xa4e</size>
         <input_file_ref idref="fl-dc"/>
      </object_component>
      <object_component id="oc-3eb">
         <name>.text</name>
         <load_address>0xb36</load_address>
         <run_address>0xb36</run_address>
         <size>0x2</size>
         <input_file_ref idref="fl-f5"/>
      </object_component>
      <object_component id="oc-cc">
         <name>.text</name>
         <load_address>0xb38</load_address>
         <run_address>0xb38</run_address>
         <size>0x680</size>
         <input_file_ref idref="fl-7"/>
      </object_component>
      <object_component id="oc-f0">
         <name>.text</name>
         <load_address>0x11b8</load_address>
         <run_address>0x11b8</run_address>
         <size>0x490</size>
         <input_file_ref idref="fl-4"/>
      </object_component>
      <object_component id="oc-1a3">
         <name>.text:Graphics_drawString</name>
         <load_address>0x1648</load_address>
         <run_address>0x1648</run_address>
         <size>0x47e</size>
         <input_file_ref idref="fl-16"/>
      </object_component>
      <object_component id="oc-a2">
         <name>.text</name>
         <load_address>0x1ac8</load_address>
         <run_address>0x1ac8</run_address>
         <size>0x350</size>
         <input_file_ref idref="fl-6"/>
      </object_component>
      <object_component id="oc-2f5">
         <name>.text:_pconv_a</name>
         <load_address>0x1e18</load_address>
         <run_address>0x1e18</run_address>
         <size>0x270</size>
         <input_file_ref idref="fl-dc"/>
      </object_component>
      <object_component id="oc-2e3">
         <name>.text:_pconv_g</name>
         <load_address>0x2088</load_address>
         <run_address>0x2088</run_address>
         <size>0x1d0</size>
         <input_file_ref idref="fl-dc"/>
      </object_component>
      <object_component id="oc-38f">
         <name>.text</name>
         <load_address>0x2258</load_address>
         <run_address>0x2258</run_address>
         <size>0x1b6</size>
         <input_file_ref idref="fl-dd"/>
      </object_component>
      <object_component id="oc-2a5">
         <name>.text:__PCM_setPowerModeAdvanced</name>
         <load_address>0x2410</load_address>
         <run_address>0x2410</run_address>
         <size>0x15c</size>
         <input_file_ref idref="fl-1b"/>
      </object_component>
      <object_component id="oc-2ef">
         <name>.text:_pconv_e</name>
         <load_address>0x256c</load_address>
         <run_address>0x256c</run_address>
         <size>0x13c</size>
         <input_file_ref idref="fl-dc"/>
      </object_component>
      <object_component id="oc-375">
         <name>.text</name>
         <load_address>0x26a8</load_address>
         <run_address>0x26a8</run_address>
         <size>0x136</size>
         <input_file_ref idref="fl-df"/>
      </object_component>
      <object_component id="oc-3a1">
         <name>.text:fcvt</name>
         <load_address>0x27e0</load_address>
         <run_address>0x27e0</run_address>
         <size>0x124</size>
         <input_file_ref idref="fl-dc"/>
      </object_component>
      <object_component id="oc-3b5">
         <name>.text:scalbn</name>
         <load_address>0x2904</load_address>
         <run_address>0x2904</run_address>
         <size>0x110</size>
         <input_file_ref idref="fl-f4"/>
      </object_component>
      <object_component id="oc-155">
         <name>.text:__PCM_setCoreVoltageLevelAdvanced</name>
         <load_address>0x2a14</load_address>
         <run_address>0x2a14</run_address>
         <size>0x108</size>
         <input_file_ref idref="fl-1b"/>
      </object_component>
      <object_component id="oc-370">
         <name>.text</name>
         <load_address>0x2b1c</load_address>
         <run_address>0x2b1c</run_address>
         <size>0xfc</size>
         <input_file_ref idref="fl-e0"/>
      </object_component>
      <object_component id="oc-90">
         <name>.text</name>
         <load_address>0x2c18</load_address>
         <run_address>0x2c18</run_address>
         <size>0xf4</size>
         <input_file_ref idref="fl-3"/>
      </object_component>
      <object_component id="oc-167">
         <name>.text</name>
         <load_address>0x2d0c</load_address>
         <run_address>0x2d0c</run_address>
         <size>0xcc</size>
         <input_file_ref idref="fl-8"/>
      </object_component>
      <object_component id="oc-2d8">
         <name>.text:_ltostr</name>
         <load_address>0x2dd8</load_address>
         <run_address>0x2dd8</run_address>
         <size>0xb1</size>
         <input_file_ref idref="fl-dc"/>
      </object_component>
      <object_component id="oc-21d">
         <name>.text:SPI_initMaster</name>
         <load_address>0x2e8a</load_address>
         <run_address>0x2e8a</run_address>
         <size>0xb0</size>
         <input_file_ref idref="fl-1d"/>
      </object_component>
      <object_component id="oc-264">
         <name>.text:Graphics_drawLineH</name>
         <load_address>0x2f3a</load_address>
         <run_address>0x2f3a</run_address>
         <size>0x9c</size>
         <input_file_ref idref="fl-17"/>
      </object_component>
      <object_component id="oc-34">
         <name>.text</name>
         <load_address>0x2fd6</load_address>
         <run_address>0x2fd6</run_address>
         <size>0x9c</size>
         <input_file_ref idref="fl-d7"/>
      </object_component>
      <object_component id="oc-369">
         <name>.text</name>
         <load_address>0x3072</load_address>
         <run_address>0x3072</run_address>
         <size>0x96</size>
         <input_file_ref idref="fl-e3"/>
      </object_component>
      <object_component id="oc-211">
         <name>.text:GPIO_setAsPeripheralModuleFunctionOutputPin</name>
         <load_address>0x3108</load_address>
         <run_address>0x3108</run_address>
         <size>0x88</size>
         <input_file_ref idref="fl-19"/>
      </object_component>
      <object_component id="oc-2de">
         <name>.text:__aeabi_cdcmple</name>
         <load_address>0x3190</load_address>
         <run_address>0x3190</run_address>
         <size>0x86</size>
         <input_file_ref idref="fl-de"/>
      </object_component>
      <object_component id="oc-37a">
         <name>.text:__aeabi_cdrcmple</name>
         <load_address>0x3216</load_address>
         <run_address>0x3216</run_address>
         <size>0x86</size>
         <input_file_ref idref="fl-de"/>
      </object_component>
      <object_component id="oc-84">
         <name>.text</name>
         <load_address>0x329c</load_address>
         <run_address>0x329c</run_address>
         <size>0x7a</size>
         <input_file_ref idref="fl-e4"/>
      </object_component>
      <object_component id="oc-39a">
         <name>.text:_mcpy</name>
         <load_address>0x3316</load_address>
         <run_address>0x3316</run_address>
         <size>0x6e</size>
         <input_file_ref idref="fl-dc"/>
      </object_component>
      <object_component id="oc-14">
         <name>.text:decompress:lzss:__TI_decompress_lzss</name>
         <load_address>0x3384</load_address>
         <run_address>0x3384</run_address>
         <size>0x68</size>
         <input_file_ref idref="fl-da"/>
      </object_component>
      <object_component id="oc-3af">
         <name>.text:frexp</name>
         <load_address>0x33ec</load_address>
         <run_address>0x33ec</run_address>
         <size>0x64</size>
         <input_file_ref idref="fl-f3"/>
      </object_component>
      <object_component id="oc-1f9">
         <name>.text:PCM_getCoreVoltageLevel</name>
         <load_address>0x3450</load_address>
         <run_address>0x3450</run_address>
         <size>0x5e</size>
         <input_file_ref idref="fl-1b"/>
      </object_component>
      <object_component id="oc-1f3">
         <name>.text:PCM_getPowerMode</name>
         <load_address>0x34ae</load_address>
         <run_address>0x34ae</run_address>
         <size>0x5a</size>
         <input_file_ref idref="fl-1b"/>
      </object_component>
      <object_component id="oc-2e9">
         <name>.text:_pconv_f</name>
         <load_address>0x3508</load_address>
         <run_address>0x3508</run_address>
         <size>0x56</size>
         <input_file_ref idref="fl-dc"/>
      </object_component>
      <object_component id="oc-384">
         <name>.text:ltoa</name>
         <load_address>0x355e</load_address>
         <run_address>0x355e</run_address>
         <size>0x54</size>
         <input_file_ref idref="fl-ed"/>
      </object_component>
      <object_component id="oc-d2">
         <name>.text:Graphics_initContext</name>
         <load_address>0x35b2</load_address>
         <run_address>0x35b2</run_address>
         <size>0x52</size>
         <input_file_ref idref="fl-14"/>
      </object_component>
      <object_component id="oc-394">
         <name>.text:_ecpy</name>
         <load_address>0x3604</load_address>
         <run_address>0x3604</run_address>
         <size>0x52</size>
         <input_file_ref idref="fl-dc"/>
      </object_component>
      <object_component id="oc-2d2">
         <name>.text:atoi</name>
         <load_address>0x3658</load_address>
         <run_address>0x3658</run_address>
         <size>0x4c</size>
         <input_file_ref idref="fl-eb"/>
      </object_component>
      <object_component id="oc-c6">
         <name>.text:FlashCtl_A_setWaitState</name>
         <load_address>0x36a4</load_address>
         <run_address>0x36a4</run_address>
         <size>0x48</size>
         <input_file_ref idref="fl-18"/>
      </object_component>
      <object_component id="oc-37f">
         <name>.text</name>
         <load_address>0x36ec</load_address>
         <run_address>0x36ec</run_address>
         <size>0x48</size>
         <input_file_ref idref="fl-e1"/>
      </object_component>
      <object_component id="oc-10f">
         <name>.text:__TI_auto_init_nobinit_nopinit:__TI_auto_init_nobinit_nopinit</name>
         <load_address>0x3734</load_address>
         <run_address>0x3734</run_address>
         <size>0x44</size>
         <input_file_ref idref="fl-e5"/>
      </object_component>
      <object_component id="oc-217">
         <name>.text:GPIO_setAsOutputPin</name>
         <load_address>0x3778</load_address>
         <run_address>0x3778</run_address>
         <size>0x40</size>
         <input_file_ref idref="fl-19"/>
      </object_component>
      <object_component id="oc-25e">
         <name>.text:Graphics_getNumberOfLeadingZeros</name>
         <load_address>0x37b8</load_address>
         <run_address>0x37b8</run_address>
         <size>0x40</size>
         <input_file_ref idref="fl-16"/>
      </object_component>
      <object_component id="oc-2af">
         <name>.text:is_A_Module</name>
         <load_address>0x37f8</load_address>
         <run_address>0x37f8</run_address>
         <size>0x40</size>
         <input_file_ref idref="fl-1d"/>
      </object_component>
      <object_component id="oc-19d">
         <name>.text:sprintf</name>
         <load_address>0x3838</load_address>
         <run_address>0x3838</run_address>
         <size>0x40</size>
         <input_file_ref idref="fl-d6"/>
      </object_component>
      <object_component id="oc-3a7">
         <name>.text:_fcpy</name>
         <load_address>0x3878</load_address>
         <run_address>0x3878</run_address>
         <size>0x3e</size>
         <input_file_ref idref="fl-dc"/>
      </object_component>
      <object_component id="oc-31e">
         <name>.text:Graphics_drawHorizontalLineOnDisplay</name>
         <load_address>0x38b6</load_address>
         <run_address>0x38b6</run_address>
         <size>0x36</size>
         <input_file_ref idref="fl-15"/>
      </object_component>
      <object_component id="oc-52">
         <name>.text:_c_int00_noargs:_c_int00_noargs</name>
         <load_address>0x38ec</load_address>
         <run_address>0x38ec</run_address>
         <size>0x34</size>
         <input_file_ref idref="fl-db"/>
      </object_component>
      <object_component id="oc-38a">
         <name>.text</name>
         <load_address>0x3920</load_address>
         <run_address>0x3920</run_address>
         <size>0x2e</size>
         <input_file_ref idref="fl-e2"/>
      </object_component>
      <object_component id="oc-26a">
         <name>.text:Graphics_drawPixelOnDisplay</name>
         <load_address>0x394e</load_address>
         <run_address>0x394e</run_address>
         <size>0x2c</size>
         <input_file_ref idref="fl-15"/>
      </object_component>
      <object_component id="oc-173">
         <name>.text:GPIO_setOutputHighOnPin</name>
         <load_address>0x397c</load_address>
         <run_address>0x397c</run_address>
         <size>0x28</size>
         <input_file_ref idref="fl-19"/>
      </object_component>
      <object_component id="oc-16d">
         <name>.text:GPIO_setOutputLowOnPin</name>
         <load_address>0x39a4</load_address>
         <run_address>0x39a4</run_address>
         <size>0x28</size>
         <input_file_ref idref="fl-19"/>
      </object_component>
      <object_component id="oc-223">
         <name>.text:SPI_enableModule</name>
         <load_address>0x39cc</load_address>
         <run_address>0x39cc</run_address>
         <size>0x1c</size>
         <input_file_ref idref="fl-1d"/>
      </object_component>
      <object_component id="oc-40">
         <name>.text:decompress:ZI:__TI_zero_init_nomemset:__TI_zero_init_nomemset</name>
         <load_address>0x39e8</load_address>
         <run_address>0x39e8</run_address>
         <size>0x1c</size>
         <input_file_ref idref="fl-d8"/>
      </object_component>
      <object_component id="oc-2fb">
         <name>.text:memccpy</name>
         <load_address>0x3a04</load_address>
         <run_address>0x3a04</run_address>
         <size>0x1c</size>
         <input_file_ref idref="fl-ee"/>
      </object_component>
      <object_component id="oc-196">
         <name>.text:Graphics_clearDisplayOnDisplay</name>
         <load_address>0x3a20</load_address>
         <run_address>0x3a20</run_address>
         <size>0x1a</size>
         <input_file_ref idref="fl-15"/>
      </object_component>
      <object_component id="oc-de">
         <name>.text:Graphics_setBackgroundColor</name>
         <load_address>0x3a3a</load_address>
         <run_address>0x3a3a</run_address>
         <size>0x1a</size>
         <input_file_ref idref="fl-14"/>
      </object_component>
      <object_component id="oc-e4">
         <name>.text:Graphics_setFont</name>
         <load_address>0x3a54</load_address>
         <run_address>0x3a54</run_address>
         <size>0x1a</size>
         <input_file_ref idref="fl-14"/>
      </object_component>
      <object_component id="oc-404">
         <name>.text:copysign</name>
         <load_address>0x3a6e</load_address>
         <run_address>0x3a6e</run_address>
         <size>0x1a</size>
         <input_file_ref idref="fl-f6"/>
      </object_component>
      <object_component id="oc-24b">
         <name>.text:_outs</name>
         <load_address>0x3a88</load_address>
         <run_address>0x3a88</run_address>
         <size>0x18</size>
         <input_file_ref idref="fl-d6"/>
      </object_component>
      <object_component id="oc-2b7">
         <name>.text:EUSCI_A_SPI_enable</name>
         <load_address>0x3aa0</load_address>
         <run_address>0x3aa0</run_address>
         <size>0x16</size>
         <input_file_ref idref="fl-1d"/>
      </object_component>
      <object_component id="oc-2bd">
         <name>.text:EUSCI_B_SPI_enable</name>
         <load_address>0x3ab6</load_address>
         <run_address>0x3ab6</run_address>
         <size>0x16</size>
         <input_file_ref idref="fl-1d"/>
      </object_component>
      <object_component id="oc-d8">
         <name>.text:Graphics_setForegroundColor</name>
         <load_address>0x3acc</load_address>
         <run_address>0x3acc</run_address>
         <size>0x16</size>
         <input_file_ref idref="fl-14"/>
      </object_component>
      <object_component id="oc-18d">
         <name>.text:Graphics_translateColorOnDisplay</name>
         <load_address>0x3ae2</load_address>
         <run_address>0x3ae2</run_address>
         <size>0x16</size>
         <input_file_ref idref="fl-15"/>
      </object_component>
      <object_component id="oc-3bb">
         <name>.text:strchr</name>
         <load_address>0x3af8</load_address>
         <run_address>0x3af8</run_address>
         <size>0x16</size>
         <input_file_ref idref="fl-ef"/>
      </object_component>
      <object_component id="oc-1ff">
         <name>.text:PCM_getPowerState</name>
         <load_address>0x3b10</load_address>
         <run_address>0x3b10</run_address>
         <size>0x14</size>
         <input_file_ref idref="fl-1b"/>
      </object_component>
      <object_component id="oc-2cc">
         <name>.text:strlen</name>
         <load_address>0x3b24</load_address>
         <run_address>0x3b24</run_address>
         <size>0x14</size>
         <input_file_ref idref="fl-f0"/>
      </object_component>
      <object_component id="oc-ea">
         <name>.text:Graphics_clearDisplay</name>
         <load_address>0x3b38</load_address>
         <run_address>0x3b38</run_address>
         <size>0x12</size>
         <input_file_ref idref="fl-14"/>
      </object_component>
      <object_component id="oc-301">
         <name>.text:wcslen</name>
         <load_address>0x3b4a</load_address>
         <run_address>0x3b4a</run_address>
         <size>0x12</size>
         <input_file_ref idref="fl-f2"/>
      </object_component>
      <object_component id="oc-c0">
         <name>.text:PCM_setCoreVoltageLevel</name>
         <load_address>0x3b5c</load_address>
         <run_address>0x3b5c</run_address>
         <size>0x10</size>
         <input_file_ref idref="fl-1b"/>
      </object_component>
      <object_component id="oc-205">
         <name>.text:PCM_setPowerMode</name>
         <load_address>0x3b6c</load_address>
         <run_address>0x3b6c</run_address>
         <size>0x10</size>
         <input_file_ref idref="fl-1b"/>
      </object_component>
      <object_component id="oc-1a">
         <name>.text:decompress:none:__TI_decompress_none</name>
         <load_address>0x3b7c</load_address>
         <run_address>0x3b7c</run_address>
         <size>0xe</size>
         <input_file_ref idref="fl-d9"/>
      </object_component>
      <object_component id="oc-64">
         <name>.text</name>
         <load_address>0x3b8a</load_address>
         <run_address>0x3b8a</run_address>
         <size>0xe</size>
         <input_file_ref idref="fl-5"/>
      </object_component>
      <object_component id="oc-251">
         <name>.text:_outc</name>
         <load_address>0x3b98</load_address>
         <run_address>0x3b98</run_address>
         <size>0xa</size>
         <input_file_ref idref="fl-d6"/>
      </object_component>
      <object_component id="oc-307">
         <name>.text:__aeabi_errno_addr</name>
         <load_address>0x3ba4</load_address>
         <run_address>0x3ba4</run_address>
         <size>0x8</size>
         <input_file_ref idref="fl-f1"/>
      </object_component>
      <object_component id="oc-8a">
         <name>.text:_system_pre_init</name>
         <load_address>0x3bac</load_address>
         <run_address>0x3bac</run_address>
         <size>0x4</size>
         <input_file_ref idref="fl-e6"/>
      </object_component>
      <object_component id="oc-103">
         <name>.text:abort:abort</name>
         <load_address>0x3bb0</load_address>
         <run_address>0x3bb0</run_address>
         <size>0x4</size>
         <input_file_ref idref="fl-e8"/>
      </object_component>
      <object_component id="oc-1ca">
         <name>.const:.string:g_pui4FontFixed4x5Data</name>
         <load_address>0x3bb4</load_address>
         <run_address>0x3bb4</run_address>
         <size>0x2f8</size>
         <input_file_ref idref="fl-2"/>
      </object_component>
      <object_component id="oc-364">
         <name>.const:.string:_ctypes_</name>
         <load_address>0x3eac</load_address>
         <run_address>0x3eac</run_address>
         <size>0x101</size>
         <input_file_ref idref="fl-ec"/>
      </object_component>
      <object_component id="oc-ff">
         <name>.const:g_sFontFixed4x5</name>
         <load_address>0x3fb0</load_address>
         <run_address>0x3fb0</run_address>
         <size>0xc8</size>
         <input_file_ref idref="fl-2"/>
      </object_component>
      <object_component id="oc-232">
         <name>.const:GPIO_PORT_TO_BASE</name>
         <load_address>0x4078</load_address>
         <run_address>0x4078</run_address>
         <size>0x30</size>
         <input_file_ref idref="fl-19"/>
      </object_component>
      <object_component id="oc-fc">
         <name>.const:g_sCrystalfontz128x128_funcs</name>
         <load_address>0x40a8</load_address>
         <run_address>0x40a8</run_address>
         <size>0x20</size>
         <input_file_ref idref="fl-7"/>
      </object_component>
      <object_component id="oc-229">
         <name>.const:$P$T0$1</name>
         <load_address>0x40c8</load_address>
         <run_address>0x40c8</run_address>
         <size>0x1c</size>
         <input_file_ref idref="fl-8"/>
      </object_component>
      <object_component id="oc-1af">
         <name>.const:$P$T2$3</name>
         <load_address>0x40e4</load_address>
         <run_address>0x40e4</run_address>
         <size>0x18</size>
         <input_file_ref idref="fl-4"/>
      </object_component>
      <object_component id="oc-1ac">
         <name>.const:$P$T1$2</name>
         <load_address>0x40fc</load_address>
         <run_address>0x40fc</run_address>
         <size>0x10</size>
         <input_file_ref idref="fl-4"/>
      </object_component>
      <object_component id="oc-182">
         <name>.const:$P$T0$1</name>
         <load_address>0x410c</load_address>
         <run_address>0x410c</run_address>
         <size>0x8</size>
         <input_file_ref idref="fl-7"/>
      </object_component>
      <object_component id="oc-1a9">
         <name>.const:$P$T0$1</name>
         <load_address>0x4114</load_address>
         <run_address>0x4114</run_address>
         <size>0x8</size>
         <input_file_ref idref="fl-4"/>
      </object_component>
      <object_component id="oc-460">
         <name>.cinit..data.load</name>
         <load_address>0x4120</load_address>
         <run_address>0x4120</run_address>
         <size>0x13</size>
      </object_component>
      <object_component id="oc-45e">
         <name>__TI_handler_table</name>
         <load_address>0x4134</load_address>
         <run_address>0x4134</run_address>
         <size>0xc</size>
      </object_component>
      <object_component id="oc-461">
         <name>.cinit..bss.load</name>
         <load_address>0x4140</load_address>
         <run_address>0x4140</run_address>
         <size>0x8</size>
      </object_component>
      <object_component id="oc-45f">
         <name>__TI_cinit_table</name>
         <load_address>0x4148</load_address>
         <run_address>0x4148</run_address>
         <size>0x10</size>
      </object_component>
      <object_component id="oc-433">
         <name>.binit</name>
         <load_address>0x0</load_address>
         <run_address>0x0</run_address>
         <size>0x0</size>
      </object_component>
      <object_component id="oc-1b2">
         <name>.data</name>
         <load_address>0x20000010</load_address>
         <run_address>0x20000010</run_address>
         <size>0x10</size>
         <input_file_ref idref="fl-4"/>
      </object_component>
      <object_component id="oc-141">
         <name>.data</name>
         <load_address>0x20000024</load_address>
         <run_address>0x20000024</run_address>
         <size>0x4</size>
         <input_file_ref idref="fl-6"/>
      </object_component>
      <object_component id="oc-f9">
         <name>.data:g_sCrystalfontz128x128</name>
         <load_address>0x20000000</load_address>
         <run_address>0x20000000</run_address>
         <size>0x10</size>
         <input_file_ref idref="fl-7"/>
      </object_component>
      <object_component id="oc-3cb">
         <name>.data</name>
         <load_address>0x20000020</load_address>
         <run_address>0x20000020</run_address>
         <size>0x4</size>
         <input_file_ref idref="fl-f1"/>
      </object_component>
      <object_component id="oc-f6">
         <name>.common:g_sContext</name>
         <uninitialized>true</uninitialized>
         <run_address>0x20000028</run_address>
         <size>0x1c</size>
      </object_component>
      <object_component id="oc-181">
         <name>.common:Lcd_Orientation</name>
         <uninitialized>true</uninitialized>
         <run_address>0x2000004c</run_address>
         <size>0x1</size>
      </object_component>
      <object_component id="oc-179">
         <name>.common:Lcd_ScreenWidth</name>
         <uninitialized>true</uninitialized>
         <run_address>0x20000046</run_address>
         <size>0x2</size>
      </object_component>
      <object_component id="oc-17c">
         <name>.common:Lcd_ScreenHeigth</name>
         <uninitialized>true</uninitialized>
         <run_address>0x20000044</run_address>
         <size>0x2</size>
      </object_component>
      <object_component id="oc-17d">
         <name>.common:Lcd_PenSolid</name>
         <uninitialized>true</uninitialized>
         <run_address>0x2000004d</run_address>
         <size>0x1</size>
      </object_component>
      <object_component id="oc-17e">
         <name>.common:Lcd_FontSolid</name>
         <uninitialized>true</uninitialized>
         <run_address>0x2000004b</run_address>
         <size>0x1</size>
      </object_component>
      <object_component id="oc-17f">
         <name>.common:Lcd_FlagRead</name>
         <uninitialized>true</uninitialized>
         <run_address>0x2000004a</run_address>
         <size>0x1</size>
      </object_component>
      <object_component id="oc-180">
         <name>.common:Lcd_TouchTrim</name>
         <uninitialized>true</uninitialized>
         <run_address>0x20000048</run_address>
         <size>0x2</size>
      </object_component>
      <object_component id="oc-26">
         <name>.stack</name>
         <uninitialized>true</uninitialized>
         <run_address>0x2003fe00</run_address>
         <size>0x4</size>
         <input_file_ref idref="fl-db"/>
      </object_component>
      <object_component id="oc-462">
         <name>.stack</name>
         <uninitialized>true</uninitialized>
         <run_address>0x2003fe00</run_address>
         <size>0x0</size>
      </object_component>
      <object_component id="oc-14f">
         <name>.debug_info</name>
         <load_address>0x0</load_address>
         <run_address>0x0</run_address>
         <size>0x233</size>
         <input_file_ref idref="fl-2"/>
      </object_component>
      <object_component id="oc-1cb">
         <name>.debug_info</name>
         <load_address>0x233</load_address>
         <run_address>0x233</run_address>
         <size>0xf4</size>
         <input_file_ref idref="fl-2"/>
      </object_component>
      <object_component id="oc-100">
         <name>.debug_info</name>
         <load_address>0x327</load_address>
         <run_address>0x327</run_address>
         <size>0xe6</size>
         <input_file_ref idref="fl-2"/>
      </object_component>
      <object_component id="oc-ab">
         <name>.debug_info</name>
         <load_address>0x40d</load_address>
         <run_address>0x40d</run_address>
         <size>0x26b</size>
         <input_file_ref idref="fl-2"/>
      </object_component>
      <object_component id="oc-186">
         <name>.debug_info</name>
         <load_address>0x678</load_address>
         <run_address>0x678</run_address>
         <size>0x439</size>
         <input_file_ref idref="fl-2"/>
      </object_component>
      <object_component id="oc-2f">
         <name>.debug_info</name>
         <load_address>0xab1</load_address>
         <run_address>0xab1</run_address>
         <size>0x84</size>
         <input_file_ref idref="fl-2"/>
      </object_component>
      <object_component id="oc-14a">
         <name>.debug_info</name>
         <load_address>0xb35</load_address>
         <run_address>0xb35</run_address>
         <size>0x297</size>
         <input_file_ref idref="fl-2"/>
      </object_component>
      <object_component id="oc-15c">
         <name>.debug_info</name>
         <load_address>0xdcc</load_address>
         <run_address>0xdcc</run_address>
         <size>0xef</size>
         <input_file_ref idref="fl-2"/>
      </object_component>
      <object_component id="oc-145">
         <name>.debug_info</name>
         <load_address>0xebb</load_address>
         <run_address>0xebb</run_address>
         <size>0xbb</size>
         <input_file_ref idref="fl-2"/>
      </object_component>
      <object_component id="oc-f7">
         <name>.debug_info</name>
         <load_address>0xf76</load_address>
         <run_address>0xf76</run_address>
         <size>0xa28</size>
         <input_file_ref idref="fl-3"/>
      </object_component>
      <object_component id="oc-91">
         <name>.debug_info</name>
         <load_address>0x199e</load_address>
         <run_address>0x199e</run_address>
         <size>0x232</size>
         <input_file_ref idref="fl-3"/>
      </object_component>
      <object_component id="oc-1bc">
         <name>.debug_info</name>
         <load_address>0x1bd0</load_address>
         <run_address>0x1bd0</run_address>
         <size>0x3c27</size>
         <input_file_ref idref="fl-3"/>
      </object_component>
      <object_component id="oc-1c1">
         <name>.debug_info</name>
         <load_address>0x57f7</load_address>
         <run_address>0x57f7</run_address>
         <size>0x1055</size>
         <input_file_ref idref="fl-3"/>
      </object_component>
      <object_component id="oc-150">
         <name>.debug_info</name>
         <load_address>0x684c</load_address>
         <run_address>0x684c</run_address>
         <size>0x8b</size>
         <input_file_ref idref="fl-3"/>
      </object_component>
      <object_component id="oc-22d">
         <name>.debug_info</name>
         <load_address>0x68d7</load_address>
         <run_address>0x68d7</run_address>
         <size>0x131</size>
         <input_file_ref idref="fl-3"/>
      </object_component>
      <object_component id="oc-1b9">
         <name>.debug_info</name>
         <load_address>0x6a08</load_address>
         <run_address>0x6a08</run_address>
         <size>0x7ff</size>
         <input_file_ref idref="fl-4"/>
      </object_component>
      <object_component id="oc-1aa">
         <name>.debug_info</name>
         <load_address>0x7207</load_address>
         <run_address>0x7207</run_address>
         <size>0xce</size>
         <input_file_ref idref="fl-4"/>
      </object_component>
      <object_component id="oc-1ad">
         <name>.debug_info</name>
         <load_address>0x72d5</load_address>
         <run_address>0x72d5</run_address>
         <size>0xce</size>
         <input_file_ref idref="fl-4"/>
      </object_component>
      <object_component id="oc-1b0">
         <name>.debug_info</name>
         <load_address>0x73a3</load_address>
         <run_address>0x73a3</run_address>
         <size>0xce</size>
         <input_file_ref idref="fl-4"/>
      </object_component>
      <object_component id="oc-f1">
         <name>.debug_info</name>
         <load_address>0x7471</load_address>
         <run_address>0x7471</run_address>
         <size>0x84e</size>
         <input_file_ref idref="fl-4"/>
      </object_component>
      <object_component id="oc-27a">
         <name>.debug_info</name>
         <load_address>0x7cbf</load_address>
         <run_address>0x7cbf</run_address>
         <size>0x3c27</size>
         <input_file_ref idref="fl-4"/>
      </object_component>
      <object_component id="oc-b7">
         <name>.debug_info</name>
         <load_address>0xb8e6</load_address>
         <run_address>0xb8e6</run_address>
         <size>0x2c</size>
         <input_file_ref idref="fl-4"/>
      </object_component>
      <object_component id="oc-259">
         <name>.debug_info</name>
         <load_address>0xb912</load_address>
         <run_address>0xb912</run_address>
         <size>0x2c</size>
         <input_file_ref idref="fl-4"/>
      </object_component>
      <object_component id="oc-1b4">
         <name>.debug_info</name>
         <load_address>0xb93e</load_address>
         <run_address>0xb93e</run_address>
         <size>0x160</size>
         <input_file_ref idref="fl-4"/>
      </object_component>
      <object_component id="oc-6c">
         <name>.debug_info</name>
         <load_address>0xba9e</load_address>
         <run_address>0xba9e</run_address>
         <size>0x2c7</size>
         <input_file_ref idref="fl-5"/>
      </object_component>
      <object_component id="oc-24">
         <name>.debug_info</name>
         <load_address>0xbd65</load_address>
         <run_address>0xbd65</run_address>
         <size>0xf3</size>
         <input_file_ref idref="fl-5"/>
      </object_component>
      <object_component id="oc-66">
         <name>.debug_info</name>
         <load_address>0xbe58</load_address>
         <run_address>0xbe58</run_address>
         <size>0x1ba</size>
         <input_file_ref idref="fl-5"/>
      </object_component>
      <object_component id="oc-142">
         <name>.debug_info</name>
         <load_address>0xc012</load_address>
         <run_address>0xc012</run_address>
         <size>0xec</size>
         <input_file_ref idref="fl-6"/>
      </object_component>
      <object_component id="oc-a5">
         <name>.debug_info</name>
         <load_address>0xc0fe</load_address>
         <run_address>0xc0fe</run_address>
         <size>0x25e</size>
         <input_file_ref idref="fl-6"/>
      </object_component>
      <object_component id="oc-17a">
         <name>.debug_info</name>
         <load_address>0xc35c</load_address>
         <run_address>0xc35c</run_address>
         <size>0x961</size>
         <input_file_ref idref="fl-7"/>
      </object_component>
      <object_component id="oc-fa">
         <name>.debug_info</name>
         <load_address>0xccbd</load_address>
         <run_address>0xccbd</run_address>
         <size>0x10d</size>
         <input_file_ref idref="fl-7"/>
      </object_component>
      <object_component id="oc-fd">
         <name>.debug_info</name>
         <load_address>0xcdca</load_address>
         <run_address>0xcdca</run_address>
         <size>0x119</size>
         <input_file_ref idref="fl-7"/>
      </object_component>
      <object_component id="oc-183">
         <name>.debug_info</name>
         <load_address>0xcee3</load_address>
         <run_address>0xcee3</run_address>
         <size>0xee</size>
         <input_file_ref idref="fl-7"/>
      </object_component>
      <object_component id="oc-cd">
         <name>.debug_info</name>
         <load_address>0xcfd1</load_address>
         <run_address>0xcfd1</run_address>
         <size>0x151c</size>
         <input_file_ref idref="fl-7"/>
      </object_component>
      <object_component id="oc-239">
         <name>.debug_info</name>
         <load_address>0xe4ed</load_address>
         <run_address>0xe4ed</run_address>
         <size>0x3c27</size>
         <input_file_ref idref="fl-7"/>
      </object_component>
      <object_component id="oc-2c6">
         <name>.debug_info</name>
         <load_address>0x12114</load_address>
         <run_address>0x12114</run_address>
         <size>0x8a7</size>
         <input_file_ref idref="fl-8"/>
      </object_component>
      <object_component id="oc-22a">
         <name>.debug_info</name>
         <load_address>0x129bb</load_address>
         <run_address>0x129bb</run_address>
         <size>0x101</size>
         <input_file_ref idref="fl-8"/>
      </object_component>
      <object_component id="oc-169">
         <name>.debug_info</name>
         <load_address>0x12abc</load_address>
         <run_address>0x12abc</run_address>
         <size>0x59b</size>
         <input_file_ref idref="fl-8"/>
      </object_component>
      <object_component id="oc-18c">
         <name>.debug_info</name>
         <load_address>0x13057</load_address>
         <run_address>0x13057</run_address>
         <size>0x561</size>
         <input_file_ref idref="fl-14"/>
      </object_component>
      <object_component id="oc-d6">
         <name>.debug_info</name>
         <load_address>0x135b8</load_address>
         <run_address>0x135b8</run_address>
         <size>0x1ef</size>
         <input_file_ref idref="fl-14"/>
      </object_component>
      <object_component id="oc-e2">
         <name>.debug_info</name>
         <load_address>0x137a7</load_address>
         <run_address>0x137a7</run_address>
         <size>0x203</size>
         <input_file_ref idref="fl-14"/>
      </object_component>
      <object_component id="oc-e8">
         <name>.debug_info</name>
         <load_address>0x139aa</load_address>
         <run_address>0x139aa</run_address>
         <size>0x1d0</size>
         <input_file_ref idref="fl-14"/>
      </object_component>
      <object_component id="oc-dc">
         <name>.debug_info</name>
         <load_address>0x13b7a</load_address>
         <run_address>0x13b7a</run_address>
         <size>0x1f6</size>
         <input_file_ref idref="fl-14"/>
      </object_component>
      <object_component id="oc-ee">
         <name>.debug_info</name>
         <load_address>0x13d70</load_address>
         <run_address>0x13d70</run_address>
         <size>0x1c3</size>
         <input_file_ref idref="fl-14"/>
      </object_component>
      <object_component id="oc-243">
         <name>.debug_info</name>
         <load_address>0x13f33</load_address>
         <run_address>0x13f33</run_address>
         <size>0x3fb</size>
         <input_file_ref idref="fl-15"/>
      </object_component>
      <object_component id="oc-26e">
         <name>.debug_info</name>
         <load_address>0x1432e</load_address>
         <run_address>0x1432e</run_address>
         <size>0x203</size>
         <input_file_ref idref="fl-15"/>
      </object_component>
      <object_component id="oc-322">
         <name>.debug_info</name>
         <load_address>0x14531</load_address>
         <run_address>0x14531</run_address>
         <size>0x221</size>
         <input_file_ref idref="fl-15"/>
      </object_component>
      <object_component id="oc-191">
         <name>.debug_info</name>
         <load_address>0x14752</load_address>
         <run_address>0x14752</run_address>
         <size>0x1e3</size>
         <input_file_ref idref="fl-15"/>
      </object_component>
      <object_component id="oc-19a">
         <name>.debug_info</name>
         <load_address>0x14935</load_address>
         <run_address>0x14935</run_address>
         <size>0x1db</size>
         <input_file_ref idref="fl-15"/>
      </object_component>
      <object_component id="oc-271">
         <name>.debug_info</name>
         <load_address>0x14b10</load_address>
         <run_address>0x14b10</run_address>
         <size>0x4ba</size>
         <input_file_ref idref="fl-16"/>
      </object_component>
      <object_component id="oc-260">
         <name>.debug_info</name>
         <load_address>0x14fca</load_address>
         <run_address>0x14fca</run_address>
         <size>0x1c5</size>
         <input_file_ref idref="fl-16"/>
      </object_component>
      <object_component id="oc-1a5">
         <name>.debug_info</name>
         <load_address>0x1518f</load_address>
         <run_address>0x1518f</run_address>
         <size>0x42a</size>
         <input_file_ref idref="fl-16"/>
      </object_component>
      <object_component id="oc-325">
         <name>.debug_info</name>
         <load_address>0x155b9</load_address>
         <run_address>0x155b9</run_address>
         <size>0x53b</size>
         <input_file_ref idref="fl-17"/>
      </object_component>
      <object_component id="oc-267">
         <name>.debug_info</name>
         <load_address>0x15af4</load_address>
         <run_address>0x15af4</run_address>
         <size>0x216</size>
         <input_file_ref idref="fl-17"/>
      </object_component>
      <object_component id="oc-2ac">
         <name>.debug_info</name>
         <load_address>0x15d0a</load_address>
         <run_address>0x15d0a</run_address>
         <size>0x865</size>
         <input_file_ref idref="fl-18"/>
      </object_component>
      <object_component id="oc-c7">
         <name>.debug_info</name>
         <load_address>0x1656f</load_address>
         <run_address>0x1656f</run_address>
         <size>0x22a</size>
         <input_file_ref idref="fl-18"/>
      </object_component>
      <object_component id="oc-340">
         <name>.debug_info</name>
         <load_address>0x16799</load_address>
         <run_address>0x16799</run_address>
         <size>0x431a</size>
         <input_file_ref idref="fl-18"/>
      </object_component>
      <object_component id="oc-33b">
         <name>.debug_info</name>
         <load_address>0x1aab3</load_address>
         <run_address>0x1aab3</run_address>
         <size>0x1b5</size>
         <input_file_ref idref="fl-18"/>
      </object_component>
      <object_component id="oc-34a">
         <name>.debug_info</name>
         <load_address>0x1ac68</load_address>
         <run_address>0x1ac68</run_address>
         <size>0x26b</size>
         <input_file_ref idref="fl-18"/>
      </object_component>
      <object_component id="oc-345">
         <name>.debug_info</name>
         <load_address>0x1aed3</load_address>
         <run_address>0x1aed3</run_address>
         <size>0x1055</size>
         <input_file_ref idref="fl-18"/>
      </object_component>
      <object_component id="oc-20c">
         <name>.debug_info</name>
         <load_address>0x1bf28</load_address>
         <run_address>0x1bf28</run_address>
         <size>0x297</size>
         <input_file_ref idref="fl-18"/>
      </object_component>
      <object_component id="oc-162">
         <name>.debug_info</name>
         <load_address>0x1c1bf</load_address>
         <run_address>0x1c1bf</run_address>
         <size>0xbb</size>
         <input_file_ref idref="fl-18"/>
      </object_component>
      <object_component id="oc-34f">
         <name>.debug_info</name>
         <load_address>0x1c27a</load_address>
         <run_address>0x1c27a</run_address>
         <size>0x1a2</size>
         <input_file_ref idref="fl-18"/>
      </object_component>
      <object_component id="oc-2c9">
         <name>.debug_info</name>
         <load_address>0x1c41c</load_address>
         <run_address>0x1c41c</run_address>
         <size>0x6fd</size>
         <input_file_ref idref="fl-19"/>
      </object_component>
      <object_component id="oc-233">
         <name>.debug_info</name>
         <load_address>0x1cb19</load_address>
         <run_address>0x1cb19</run_address>
         <size>0x131</size>
         <input_file_ref idref="fl-19"/>
      </object_component>
      <object_component id="oc-218">
         <name>.debug_info</name>
         <load_address>0x1cc4a</load_address>
         <run_address>0x1cc4a</run_address>
         <size>0x24e</size>
         <input_file_ref idref="fl-19"/>
      </object_component>
      <object_component id="oc-212">
         <name>.debug_info</name>
         <load_address>0x1ce98</load_address>
         <run_address>0x1ce98</run_address>
         <size>0x2a1</size>
         <input_file_ref idref="fl-19"/>
      </object_component>
      <object_component id="oc-174">
         <name>.debug_info</name>
         <load_address>0x1d139</load_address>
         <run_address>0x1d139</run_address>
         <size>0x256</size>
         <input_file_ref idref="fl-19"/>
      </object_component>
      <object_component id="oc-16e">
         <name>.debug_info</name>
         <load_address>0x1d38f</load_address>
         <run_address>0x1d38f</run_address>
         <size>0x254</size>
         <input_file_ref idref="fl-19"/>
      </object_component>
      <object_component id="oc-156">
         <name>.debug_info</name>
         <load_address>0x1d5e3</load_address>
         <run_address>0x1d5e3</run_address>
         <size>0x3a1</size>
         <input_file_ref idref="fl-1b"/>
      </object_component>
      <object_component id="oc-c1">
         <name>.debug_info</name>
         <load_address>0x1d984</load_address>
         <run_address>0x1d984</run_address>
         <size>0x21c</size>
         <input_file_ref idref="fl-1b"/>
      </object_component>
      <object_component id="oc-1f4">
         <name>.debug_info</name>
         <load_address>0x1dba0</load_address>
         <run_address>0x1dba0</run_address>
         <size>0x1e7</size>
         <input_file_ref idref="fl-1b"/>
      </object_component>
      <object_component id="oc-1fa">
         <name>.debug_info</name>
         <load_address>0x1dd87</load_address>
         <run_address>0x1dd87</run_address>
         <size>0x1f5</size>
         <input_file_ref idref="fl-1b"/>
      </object_component>
      <object_component id="oc-2a6">
         <name>.debug_info</name>
         <load_address>0x1df7c</load_address>
         <run_address>0x1df7c</run_address>
         <size>0x342</size>
         <input_file_ref idref="fl-1b"/>
      </object_component>
      <object_component id="oc-206">
         <name>.debug_info</name>
         <load_address>0x1e2be</load_address>
         <run_address>0x1e2be</run_address>
         <size>0x1fe</size>
         <input_file_ref idref="fl-1b"/>
      </object_component>
      <object_component id="oc-201">
         <name>.debug_info</name>
         <load_address>0x1e4bc</load_address>
         <run_address>0x1e4bc</run_address>
         <size>0x1a8</size>
         <input_file_ref idref="fl-1b"/>
      </object_component>
      <object_component id="oc-2b6">
         <name>.debug_info</name>
         <load_address>0x1e664</load_address>
         <run_address>0x1e664</run_address>
         <size>0x6f0</size>
         <input_file_ref idref="fl-1d"/>
      </object_component>
      <object_component id="oc-2b1">
         <name>.debug_info</name>
         <load_address>0x1ed54</load_address>
         <run_address>0x1ed54</run_address>
         <size>0x1c2</size>
         <input_file_ref idref="fl-1d"/>
      </object_component>
      <object_component id="oc-21f">
         <name>.debug_info</name>
         <load_address>0x1ef16</load_address>
         <run_address>0x1ef16</run_address>
         <size>0x226</size>
         <input_file_ref idref="fl-1d"/>
      </object_component>
      <object_component id="oc-225">
         <name>.debug_info</name>
         <load_address>0x1f13c</load_address>
         <run_address>0x1f13c</run_address>
         <size>0x230</size>
         <input_file_ref idref="fl-1d"/>
      </object_component>
      <object_component id="oc-2c0">
         <name>.debug_info</name>
         <load_address>0x1f36c</load_address>
         <run_address>0x1f36c</run_address>
         <size>0x1e4</size>
         <input_file_ref idref="fl-1d"/>
      </object_component>
      <object_component id="oc-2ba">
         <name>.debug_info</name>
         <load_address>0x1f550</load_address>
         <run_address>0x1f550</run_address>
         <size>0x1e4</size>
         <input_file_ref idref="fl-1d"/>
      </object_component>
      <object_component id="oc-357">
         <name>.debug_info</name>
         <load_address>0x1f734</load_address>
         <run_address>0x1f734</run_address>
         <size>0x131</size>
         <input_file_ref idref="fl-1d"/>
      </object_component>
      <object_component id="oc-258">
         <name>.debug_info</name>
         <load_address>0x1f865</load_address>
         <run_address>0x1f865</run_address>
         <size>0x332</size>
         <input_file_ref idref="fl-d6"/>
      </object_component>
      <object_component id="oc-19e">
         <name>.debug_info</name>
         <load_address>0x1fb97</load_address>
         <run_address>0x1fb97</run_address>
         <size>0x1d0</size>
         <input_file_ref idref="fl-d6"/>
      </object_component>
      <object_component id="oc-24c">
         <name>.debug_info</name>
         <load_address>0x1fd67</load_address>
         <run_address>0x1fd67</run_address>
         <size>0x18c</size>
         <input_file_ref idref="fl-d6"/>
      </object_component>
      <object_component id="oc-253">
         <name>.debug_info</name>
         <load_address>0x1fef3</load_address>
         <run_address>0x1fef3</run_address>
         <size>0x16c</size>
         <input_file_ref idref="fl-d6"/>
      </object_component>
      <object_component id="oc-3d2">
         <name>.debug_info</name>
         <load_address>0x2005f</load_address>
         <run_address>0x2005f</run_address>
         <size>0x2c</size>
         <input_file_ref idref="fl-d6"/>
      </object_component>
      <object_component id="oc-35">
         <name>.debug_info</name>
         <load_address>0x2008b</load_address>
         <run_address>0x2008b</run_address>
         <size>0x118</size>
         <input_file_ref idref="fl-d7"/>
      </object_component>
      <object_component id="oc-83">
         <name>.debug_info</name>
         <load_address>0x201a3</load_address>
         <run_address>0x201a3</run_address>
         <size>0x2d3</size>
         <input_file_ref idref="fl-d8"/>
      </object_component>
      <object_component id="oc-41">
         <name>.debug_info</name>
         <load_address>0x20476</load_address>
         <run_address>0x20476</run_address>
         <size>0x1d1</size>
         <input_file_ref idref="fl-d8"/>
      </object_component>
      <object_component id="oc-7e">
         <name>.debug_info</name>
         <load_address>0x20647</load_address>
         <run_address>0x20647</run_address>
         <size>0x46</size>
         <input_file_ref idref="fl-d8"/>
      </object_component>
      <object_component id="oc-3f">
         <name>.debug_info</name>
         <load_address>0x2068d</load_address>
         <run_address>0x2068d</run_address>
         <size>0x2a7</size>
         <input_file_ref idref="fl-d9"/>
      </object_component>
      <object_component id="oc-1e">
         <name>.debug_info</name>
         <load_address>0x20934</load_address>
         <run_address>0x20934</run_address>
         <size>0x1e9</size>
         <input_file_ref idref="fl-d9"/>
      </object_component>
      <object_component id="oc-3a">
         <name>.debug_info</name>
         <load_address>0x20b1d</load_address>
         <run_address>0x20b1d</run_address>
         <size>0x46</size>
         <input_file_ref idref="fl-d9"/>
      </object_component>
      <object_component id="oc-76">
         <name>.debug_info</name>
         <load_address>0x20b63</load_address>
         <run_address>0x20b63</run_address>
         <size>0x2c</size>
         <input_file_ref idref="fl-d9"/>
      </object_component>
      <object_component id="oc-74">
         <name>.debug_info</name>
         <load_address>0x20b8f</load_address>
         <run_address>0x20b8f</run_address>
         <size>0x29d</size>
         <input_file_ref idref="fl-da"/>
      </object_component>
      <object_component id="oc-15">
         <name>.debug_info</name>
         <load_address>0x20e2c</load_address>
         <run_address>0x20e2c</run_address>
         <size>0x24f</size>
         <input_file_ref idref="fl-da"/>
      </object_component>
      <object_component id="oc-2a">
         <name>.debug_info</name>
         <load_address>0x2107b</load_address>
         <run_address>0x2107b</run_address>
         <size>0x60</size>
         <input_file_ref idref="fl-da"/>
      </object_component>
      <object_component id="oc-b0">
         <name>.debug_info</name>
         <load_address>0x210db</load_address>
         <run_address>0x210db</run_address>
         <size>0x46</size>
         <input_file_ref idref="fl-da"/>
      </object_component>
      <object_component id="oc-6f">
         <name>.debug_info</name>
         <load_address>0x21121</load_address>
         <run_address>0x21121</run_address>
         <size>0x39</size>
         <input_file_ref idref="fl-da"/>
      </object_component>
      <object_component id="oc-27">
         <name>.debug_info</name>
         <load_address>0x2115a</load_address>
         <run_address>0x2115a</run_address>
         <size>0x10a</size>
         <input_file_ref idref="fl-db"/>
      </object_component>
      <object_component id="oc-53">
         <name>.debug_info</name>
         <load_address>0x21264</load_address>
         <run_address>0x21264</run_address>
         <size>0x1a8</size>
         <input_file_ref idref="fl-db"/>
      </object_component>
      <object_component id="oc-30e">
         <name>.debug_info</name>
         <load_address>0x2140c</load_address>
         <run_address>0x2140c</run_address>
         <size>0x57a</size>
         <input_file_ref idref="fl-dc"/>
      </object_component>
      <object_component id="oc-2d9">
         <name>.debug_info</name>
         <load_address>0x21986</load_address>
         <run_address>0x21986</run_address>
         <size>0x21d</size>
         <input_file_ref idref="fl-dc"/>
      </object_component>
      <object_component id="oc-395">
         <name>.debug_info</name>
         <load_address>0x21ba3</load_address>
         <run_address>0x21ba3</run_address>
         <size>0x1b2</size>
         <input_file_ref idref="fl-dc"/>
      </object_component>
      <object_component id="oc-39c">
         <name>.debug_info</name>
         <load_address>0x21d55</load_address>
         <run_address>0x21d55</run_address>
         <size>0x21a</size>
         <input_file_ref idref="fl-dc"/>
      </object_component>
      <object_component id="oc-2e4">
         <name>.debug_info</name>
         <load_address>0x21f6f</load_address>
         <run_address>0x21f6f</run_address>
         <size>0x3ba</size>
         <input_file_ref idref="fl-dc"/>
      </object_component>
      <object_component id="oc-3a3">
         <name>.debug_info</name>
         <load_address>0x22329</load_address>
         <run_address>0x22329</run_address>
         <size>0x304</size>
         <input_file_ref idref="fl-dc"/>
      </object_component>
      <object_component id="oc-3a8">
         <name>.debug_info</name>
         <load_address>0x2262d</load_address>
         <run_address>0x2262d</run_address>
         <size>0x214</size>
         <input_file_ref idref="fl-dc"/>
      </object_component>
      <object_component id="oc-2ea">
         <name>.debug_info</name>
         <load_address>0x22841</load_address>
         <run_address>0x22841</run_address>
         <size>0x214</size>
         <input_file_ref idref="fl-dc"/>
      </object_component>
      <object_component id="oc-2f1">
         <name>.debug_info</name>
         <load_address>0x22a55</load_address>
         <run_address>0x22a55</run_address>
         <size>0x303</size>
         <input_file_ref idref="fl-dc"/>
      </object_component>
      <object_component id="oc-2f6">
         <name>.debug_info</name>
         <load_address>0x22d58</load_address>
         <run_address>0x22d58</run_address>
         <size>0x4af</size>
         <input_file_ref idref="fl-dc"/>
      </object_component>
      <object_component id="oc-246">
         <name>.debug_info</name>
         <load_address>0x23207</load_address>
         <run_address>0x23207</run_address>
         <size>0x5f3</size>
         <input_file_ref idref="fl-dc"/>
      </object_component>
      <object_component id="oc-30f">
         <name>.debug_info</name>
         <load_address>0x237fa</load_address>
         <run_address>0x237fa</run_address>
         <size>0x86</size>
         <input_file_ref idref="fl-dc"/>
      </object_component>
      <object_component id="oc-3d7">
         <name>.debug_info</name>
         <load_address>0x23880</load_address>
         <run_address>0x23880</run_address>
         <size>0x39</size>
         <input_file_ref idref="fl-dc"/>
      </object_component>
      <object_component id="oc-41b">
         <name>.debug_info</name>
         <load_address>0x238b9</load_address>
         <run_address>0x238b9</run_address>
         <size>0xb6</size>
         <input_file_ref idref="fl-dc"/>
      </object_component>
      <object_component id="oc-3dc">
         <name>.debug_info</name>
         <load_address>0x2396f</load_address>
         <run_address>0x2396f</run_address>
         <size>0x46</size>
         <input_file_ref idref="fl-dc"/>
      </object_component>
      <object_component id="oc-314">
         <name>.debug_info</name>
         <load_address>0x239b5</load_address>
         <run_address>0x239b5</run_address>
         <size>0x46</size>
         <input_file_ref idref="fl-dc"/>
      </object_component>
      <object_component id="oc-390">
         <name>.debug_info</name>
         <load_address>0x239fb</load_address>
         <run_address>0x239fb</run_address>
         <size>0x14b</size>
         <input_file_ref idref="fl-dd"/>
      </object_component>
      <object_component id="oc-2df">
         <name>.debug_info</name>
         <load_address>0x23b46</load_address>
         <run_address>0x23b46</run_address>
         <size>0x127</size>
         <input_file_ref idref="fl-de"/>
      </object_component>
      <object_component id="oc-37d">
         <name>.debug_info</name>
         <load_address>0x23c6d</load_address>
         <run_address>0x23c6d</run_address>
         <size>0x129</size>
         <input_file_ref idref="fl-de"/>
      </object_component>
      <object_component id="oc-378">
         <name>.debug_info</name>
         <load_address>0x23d96</load_address>
         <run_address>0x23d96</run_address>
         <size>0x139</size>
         <input_file_ref idref="fl-df"/>
      </object_component>
      <object_component id="oc-371">
         <name>.debug_info</name>
         <load_address>0x23ecf</load_address>
         <run_address>0x23ecf</run_address>
         <size>0x139</size>
         <input_file_ref idref="fl-e0"/>
      </object_component>
      <object_component id="oc-382">
         <name>.debug_info</name>
         <load_address>0x24008</load_address>
         <run_address>0x24008</run_address>
         <size>0x12d</size>
         <input_file_ref idref="fl-e1"/>
      </object_component>
      <object_component id="oc-38b">
         <name>.debug_info</name>
         <load_address>0x24135</load_address>
         <run_address>0x24135</run_address>
         <size>0x12b</size>
         <input_file_ref idref="fl-e2"/>
      </object_component>
      <object_component id="oc-36c">
         <name>.debug_info</name>
         <load_address>0x24260</load_address>
         <run_address>0x24260</run_address>
         <size>0x133</size>
         <input_file_ref idref="fl-e3"/>
      </object_component>
      <object_component id="oc-86">
         <name>.debug_info</name>
         <load_address>0x24393</load_address>
         <run_address>0x24393</run_address>
         <size>0x146</size>
         <input_file_ref idref="fl-e4"/>
      </object_component>
      <object_component id="oc-1da">
         <name>.debug_info</name>
         <load_address>0x244d9</load_address>
         <run_address>0x244d9</run_address>
         <size>0x4b2</size>
         <input_file_ref idref="fl-e5"/>
      </object_component>
      <object_component id="oc-112">
         <name>.debug_info</name>
         <load_address>0x2498b</load_address>
         <run_address>0x2498b</run_address>
         <size>0x1a5</size>
         <input_file_ref idref="fl-e5"/>
      </object_component>
      <object_component id="oc-291">
         <name>.debug_info</name>
         <load_address>0x24b30</load_address>
         <run_address>0x24b30</run_address>
         <size>0x39</size>
         <input_file_ref idref="fl-e5"/>
      </object_component>
      <object_component id="oc-32c">
         <name>.debug_info</name>
         <load_address>0x24b69</load_address>
         <run_address>0x24b69</run_address>
         <size>0x39</size>
         <input_file_ref idref="fl-e5"/>
      </object_component>
      <object_component id="oc-296">
         <name>.debug_info</name>
         <load_address>0x24ba2</load_address>
         <run_address>0x24ba2</run_address>
         <size>0x39</size>
         <input_file_ref idref="fl-e5"/>
      </object_component>
      <object_component id="oc-29b">
         <name>.debug_info</name>
         <load_address>0x24bdb</load_address>
         <run_address>0x24bdb</run_address>
         <size>0xcd</size>
         <input_file_ref idref="fl-e5"/>
      </object_component>
      <object_component id="oc-8b">
         <name>.debug_info</name>
         <load_address>0x24ca8</load_address>
         <run_address>0x24ca8</run_address>
         <size>0x152</size>
         <input_file_ref idref="fl-e6"/>
      </object_component>
      <object_component id="oc-104">
         <name>.debug_info</name>
         <load_address>0x24dfa</load_address>
         <run_address>0x24dfa</run_address>
         <size>0x121</size>
         <input_file_ref idref="fl-e8"/>
      </object_component>
      <object_component id="oc-368">
         <name>.debug_info</name>
         <load_address>0x24f1b</load_address>
         <run_address>0x24f1b</run_address>
         <size>0x2b8</size>
         <input_file_ref idref="fl-eb"/>
      </object_component>
      <object_component id="oc-2d6">
         <name>.debug_info</name>
         <load_address>0x251d3</load_address>
         <run_address>0x251d3</run_address>
         <size>0x17b</size>
         <input_file_ref idref="fl-eb"/>
      </object_component>
      <object_component id="oc-3e8">
         <name>.debug_info</name>
         <load_address>0x2534e</load_address>
         <run_address>0x2534e</run_address>
         <size>0xf8</size>
         <input_file_ref idref="fl-ec"/>
      </object_component>
      <object_component id="oc-365">
         <name>.debug_info</name>
         <load_address>0x25446</load_address>
         <run_address>0x25446</run_address>
         <size>0x104</size>
         <input_file_ref idref="fl-ec"/>
      </object_component>
      <object_component id="oc-3f6">
         <name>.debug_info</name>
         <load_address>0x2554a</load_address>
         <run_address>0x2554a</run_address>
         <size>0x29a</size>
         <input_file_ref idref="fl-ed"/>
      </object_component>
      <object_component id="oc-385">
         <name>.debug_info</name>
         <load_address>0x257e4</load_address>
         <run_address>0x257e4</run_address>
         <size>0x1cc</size>
         <input_file_ref idref="fl-ed"/>
      </object_component>
      <object_component id="oc-3c3">
         <name>.debug_info</name>
         <load_address>0x259b0</load_address>
         <run_address>0x259b0</run_address>
         <size>0x295</size>
         <input_file_ref idref="fl-ee"/>
      </object_component>
      <object_component id="oc-2fe">
         <name>.debug_info</name>
         <load_address>0x25c45</load_address>
         <run_address>0x25c45</run_address>
         <size>0x1b5</size>
         <input_file_ref idref="fl-ee"/>
      </object_component>
      <object_component id="oc-40d">
         <name>.debug_info</name>
         <load_address>0x25dfa</load_address>
         <run_address>0x25dfa</run_address>
         <size>0x299</size>
         <input_file_ref idref="fl-ef"/>
      </object_component>
      <object_component id="oc-3bc">
         <name>.debug_info</name>
         <load_address>0x26093</load_address>
         <run_address>0x26093</run_address>
[...]
      </symbol>
      <symbol id="sm-1f0">
         <name>g_sCrystalfontz128x128</name>
         <value>0x20000000</value>
         <object_component_ref idref="oc-f9"/>
      </symbol>
      <symbol id="sm-1f1">
         <name>Crystalfontz128x128_Init</name>
         <value>0xb39</value>
         <object_component_ref idref="oc-cc"/>
      </symbol>
      <symbol id="sm-211">
         <name>HAL_LCD_writeData</name>
         <value>0x2da3</value>
         <object_component_ref idref="oc-167"/>
      </symbol>
      <symbol id="sm-212">
         <name>HAL_LCD_SpiInit</name>
         <value>0x2d3d</value>
         <object_component_ref idref="oc-167"/>
      </symbol>
      <symbol id="sm-213">
         <name>HAL_LCD_PortInit</name>
         <value>0x2d0d</value>
         <object_component_ref idref="oc-167"/>
      </symbol>
      <symbol id="sm-214">
         <name>HAL_LCD_writeCommand</name>
         <value>0x2d73</value>
         <object_component_ref idref="oc-167"/>
      </symbol>
      <symbol id="sm-241">
         <name>Graphics_setBackgroundColor</name>
         <value>0x3a3b</value>
         <object_component_ref idref="oc-de"/>
      </symbol>
      <symbol id="sm-242">
         <name>Graphics_setFont</name>
         <value>0x3a55</value>
         <object_component_ref idref="oc-e4"/>
      </symbol>
      <symbol id="sm-243">
         <name>Graphics_initContext</name>
         <value>0x35b3</value>
         <object_component_ref idref="oc-d2"/>
      </symbol>
      <symbol id="sm-244">
         <name>Graphics_setForegroundColor</name>
         <value>0x3acd</value>
         <object_component_ref idref="oc-d8"/>
      </symbol>
      <symbol id="sm-245">
         <name>Graphics_clearDisplay</name>
         <value>0x3b39</value>
         <object_component_ref idref="oc-ea"/>
      </symbol>
      <symbol id="sm-26a">
         <name>Graphics_clearDisplayOnDisplay</name>
         <value>0x3a21</value>
         <object_component_ref idref="oc-196"/>
      </symbol>
      <symbol id="sm-26b">
         <name>Graphics_drawPixelOnDisplay</name>
         <value>0x394f</value>
         <object_component_ref idref="oc-26a"/>
      </symbol>
      <symbol id="sm-26c">
         <name>Graphics_translateColorOnDisplay</name>
         <value>0x3ae3</value>
         <object_component_ref idref="oc-18d"/>
      </symbol>
      <symbol id="sm-26d">
         <name>Graphics_drawHorizontalLineOnDisplay</name>
         <value>0x38b7</value>
         <object_component_ref idref="oc-31e"/>
      </symbol>
      <symbol id="sm-2ad">
         <name>Graphics_drawString</name>
         <value>0x1649</value>
         <object_component_ref idref="oc-1a3"/>
      </symbol>
      <symbol id="sm-2c0">
         <name>Graphics_drawLineH</name>
         <value>0x2f3b</value>
         <object_component_ref idref="oc-264"/>
      </symbol>
      <symbol id="sm-2f5">
         <name>FlashCtl_A_setWaitState</name>
         <value>0x36a5</value>
         <object_component_ref idref="oc-c6"/>
      </symbol>
      <symbol id="sm-32e">
         <name>GPIO_setOutputHighOnPin</name>
         <value>0x397d</value>
         <object_component_ref idref="oc-173"/>
      </symbol>
      <symbol id="sm-32f">
         <name>GPIO_setAsOutputPin</name>
         <value>0x3779</value>
         <object_component_ref idref="oc-217"/>
      </symbol>
      <symbol id="sm-330">
         <name>GPIO_setOutputLowOnPin</name>
         <value>0x39a5</value>
         <object_component_ref idref="oc-16d"/>
      </symbol>
      <symbol id="sm-331">
         <name>GPIO_setAsPeripheralModuleFunctionOutputPin</name>
         <value>0x3109</value>
         <object_component_ref idref="oc-211"/>
      </symbol>
      <symbol id="sm-3b0">
         <name>PCM_setCoreVoltageLevel</name>
         <value>0x3b5d</value>
         <object_component_ref idref="oc-c0"/>
      </symbol>
      <symbol id="sm-3b1">
         <name>PCM_getCoreVoltageLevel</name>
         <value>0x3451</value>
         <object_component_ref idref="oc-1f9"/>
      </symbol>
      <symbol id="sm-3b2">
         <name>PCM_getPowerMode</name>
         <value>0x34af</value>
         <object_component_ref idref="oc-1f3"/>
      </symbol>
      <symbol id="sm-3b3">
         <name>PCM_getPowerState</name>
         <value>0x3b11</value>
         <object_component_ref idref="oc-1ff"/>
      </symbol>
      <symbol id="sm-3b4">
         <name>PCM_setPowerMode</name>
         <value>0x3b6d</value>
         <object_component_ref idref="oc-205"/>
      </symbol>
      <symbol id="sm-3f4">
         <name>EUSCI_B_SPI_enable</name>
         <value>0x3ab7</value>
         <object_component_ref idref="oc-2bd"/>
      </symbol>
      <symbol id="sm-3f5">
         <name>SPI_enableModule</name>
         <value>0x39cd</value>
         <object_component_ref idref="oc-223"/>
      </symbol>
      <symbol id="sm-3f6">
         <name>EUSCI_A_SPI_enable</name>
         <value>0x3aa1</value>
         <object_component_ref idref="oc-2b7"/>
      </symbol>
      <symbol id="sm-3f7">
         <name>SPI_initMaster</name>
         <value>0x2e8b</value>
         <object_component_ref idref="oc-21d"/>
      </symbol>
      <symbol id="sm-421">
         <name>sprintf</name>
         <value>0x3839</value>
         <object_component_ref idref="oc-19d"/>
      </symbol>
      <symbol id="sm-43c">
         <name>memcpy</name>
         <value>0x2fd7</value>
         <object_component_ref idref="oc-34"/>
      </symbol>
      <symbol id="sm-43d">
         <name>__aeabi_memcpy</name>
         <value>0x2fd7</value>
         <object_component_ref idref="oc-34"/>
      </symbol>
      <symbol id="sm-43e">
         <name>__aeabi_memcpy8</name>
         <value>0x2fd7</value>
         <object_component_ref idref="oc-34"/>
      </symbol>
      <symbol id="sm-43f">
         <name>__aeabi_memcpy4</name>
         <value>0x2fd7</value>
         <object_component_ref idref="oc-34"/>
      </symbol>
      <symbol id="sm-453">
         <name>__TI_zero_init_nomemset</name>
         <value>0x39e9</value>
         <object_component_ref idref="oc-40"/>
      </symbol>
      <symbol id="sm-46a">
         <name>__TI_decompress_none</name>
         <value>0x3b7d</value>
         <object_component_ref idref="oc-1a"/>
      </symbol>
      <symbol id="sm-48d">
         <name>__TI_decompress_lzss</name>
         <value>0x3385</value>
         <object_component_ref idref="oc-14"/>
      </symbol>
      <symbol id="sm-4a0">
         <name>__stack</name>
         <value>0x2003fe00</value>
         <object_component_ref idref="oc-26"/>
      </symbol>
      <symbol id="sm-4a1">
         <name>_c_int00_noargs</name>
         <value>0x38ed</value>
         <object_component_ref idref="oc-52"/>
      </symbol>
      <symbol id="sm-606">
         <name>__TI_printfi</name>
         <value>0xe9</value>
         <object_component_ref idref="oc-245"/>
      </symbol>
      <symbol id="sm-61d">
         <name>__aeabi_dsub</name>
         <value>0x2259</value>
         <object_component_ref idref="oc-38f"/>
      </symbol>
      <symbol id="sm-61e">
         <name>__aeabi_dadd</name>
         <value>0x2263</value>
         <object_component_ref idref="oc-38f"/>
      </symbol>
      <symbol id="sm-640">
         <name>__aeabi_cdcmpeq</name>
         <value>0x3191</value>
         <object_component_ref idref="oc-2de"/>
      </symbol>
      <symbol id="sm-641">
         <name>__aeabi_cdcmple</name>
         <value>0x3191</value>
         <object_component_ref idref="oc-2de"/>
      </symbol>
      <symbol id="sm-642">
         <name>__aeabi_cdrcmple</name>
         <value>0x3217</value>
         <object_component_ref idref="oc-37a"/>
      </symbol>
      <symbol id="sm-656">
         <name>__aeabi_ddiv</name>
         <value>0x26a9</value>
         <object_component_ref idref="oc-375"/>
      </symbol>
      <symbol id="sm-661">
         <name>__aeabi_dmul</name>
         <value>0x2b1d</value>
         <object_component_ref idref="oc-370"/>
      </symbol>
      <symbol id="sm-66b">
         <name>__aeabi_d2iz</name>
         <value>0x36ed</value>
         <object_component_ref idref="oc-37f"/>
      </symbol>
      <symbol id="sm-675">
         <name>__aeabi_i2d</name>
         <value>0x3921</value>
         <object_component_ref idref="oc-38a"/>
      </symbol>
      <symbol id="sm-682">
         <name>__aeabi_uldivmod</name>
         <value>0x3073</value>
         <object_component_ref idref="oc-369"/>
      </symbol>
      <symbol id="sm-691">
         <name>__aeabi_memset</name>
         <value>0x329f</value>
         <object_component_ref idref="oc-84"/>
      </symbol>
      <symbol id="sm-692">
         <name>memset</name>
         <value>0x32a5</value>
         <object_component_ref idref="oc-84"/>
      </symbol>
      <symbol id="sm-693">
         <name>__aeabi_memset8</name>
         <value>0x329f</value>
         <object_component_ref idref="oc-84"/>
      </symbol>
      <symbol id="sm-694">
         <name>__aeabi_memset4</name>
         <value>0x329f</value>
         <object_component_ref idref="oc-84"/>
      </symbol>
      <symbol id="sm-695">
         <name>__aeabi_memclr8</name>
         <value>0x329d</value>
         <object_component_ref idref="oc-84"/>
      </symbol>
      <symbol id="sm-696">
         <name>__aeabi_memclr4</name>
         <value>0x329d</value>
         <object_component_ref idref="oc-84"/>
      </symbol>
      <symbol id="sm-697">
         <name>__aeabi_memclr</name>
         <value>0x329d</value>
         <object_component_ref idref="oc-84"/>
      </symbol>
      <symbol id="sm-6bf">
         <name>__TI_auto_init_nobinit_nopinit</name>
         <value>0x3735</value>
         <object_component_ref idref="oc-10f"/>
      </symbol>
      <symbol id="sm-6c9">
         <name>_system_pre_init</name>
         <value>0x3bad</value>
         <object_component_ref idref="oc-8a"/>
      </symbol>
      <symbol id="sm-6d5">
         <name>C$$EXIT</name>
         <value>0x3bb1</value>
         <object_component_ref idref="oc-103"/>
      </symbol>
      <symbol id="sm-6d6">
         <name>abort</name>
         <value>0x3bb1</value>
         <object_component_ref idref="oc-103"/>
      </symbol>
      <symbol id="sm-6ee">
         <name>atoi</name>
         <value>0x3659</value>
         <object_component_ref idref="oc-2d2"/>
      </symbol>
      <symbol id="sm-6f9">
         <name>_ctypes_</name>
         <value>0x3eac</value>
         <object_component_ref idref="oc-364"/>
      </symbol>
      <symbol id="sm-708">
         <name>ltoa</name>
         <value>0x355f</value>
         <object_component_ref idref="oc-384"/>
      </symbol>
      <symbol id="sm-718">
         <name>memccpy</name>
         <value>0x3a05</value>
         <object_component_ref idref="oc-2fb"/>
      </symbol>
      <symbol id="sm-728">
         <name>strchr</name>
         <value>0x3af9</value>
         <object_component_ref idref="oc-3bb"/>
      </symbol>
      <symbol id="sm-736">
         <name>strlen</name>
         <value>0x3b25</value>
         <object_component_ref idref="oc-2cc"/>
      </symbol>
      <symbol id="sm-74c">
         <name>__aeabi_errno_addr</name>
         <value>0x3ba5</value>
         <object_component_ref idref="oc-307"/>
      </symbol>
      <symbol id="sm-74d">
         <name>errno</name>
         <value>0x20000020</value>
         <object_component_ref idref="oc-3cb"/>
      </symbol>
      <symbol id="sm-766">
         <name>wcslen</name>
         <value>0x3b4b</value>
         <object_component_ref idref="oc-301"/>
      </symbol>
      <symbol id="sm-786">
         <name>frexpl</name>
         <value>0x33ed</value>
         <object_component_ref idref="oc-3af"/>
      </symbol>
      <symbol id="sm-787">
         <name>frexp</name>
         <value>0x33ed</value>
         <object_component_ref idref="oc-3af"/>
      </symbol>
      <symbol id="sm-7a4">
         <name>scalbn</name>
         <value>0x2905</value>
         <object_component_ref idref="oc-3b5"/>
      </symbol>
      <symbol id="sm-7a5">
         <name>scalbnl</name>
         <value>0x2905</value>
         <object_component_ref idref="oc-3b5"/>
      </symbol>
      <symbol id="sm-7a6">
         <name>ldexpl</name>
         <value>0x2905</value>
         <object_component_ref idref="oc-3b5"/>
      </symbol>
      <symbol id="sm-7a7">
         <name>ldexp</name>
         <value>0x2905</value>
         <object_component_ref idref="oc-3b5"/>
      </symbol>
      <symbol id="sm-7b1">
         <name>__aeabi_idiv0</name>
         <value>0xb37</value>
         <object_component_ref idref="oc-3eb"/>
      </symbol>
      <symbol id="sm-7b2">
         <name>__aeabi_ldiv0</name>
         <value>0xb37</value>
         <object_component_ref idref="oc-3eb"/>
      </symbol>
      <symbol id="sm-7bc">
         <name>copysign</name>
         <value>0x3a6f</value>
         <object_component_ref idref="oc-404"/>
      </symbol>
      <symbol id="sm-7bd">
         <name>copysignl</name>
         <value>0x3a6f</value>
         <object_component_ref idref="oc-404"/>
      </symbol>
      <symbol id="sm-7be">
         <name>__TI_static_base__</name>
         <value>0x0</value>
      </symbol>
      <symbol id="sm-7c1">
         <name>__mpu_init</name>
         <value>0x0</value>
      </symbol>
      <symbol id="sm-7c2">
         <name>_system_post_cinit</name>
         <value>0x0</value>
      </symbol>
      <symbol id="sm-7c3">
         <name>NMI_Handler</name>
         <value>0x3b97</value>
      </symbol>
      <symbol id="sm-7c4">
         <name>HardFault_Handler</name>
         <value>0x3b97</value>
      </symbol>
      <symbol id="sm-7c5">
         <name>MemManage_Handler</name>
         <value>0x3b97</value>
      </symbol>
      <symbol id="sm-7c6">
         <name>BusFault_Handler</name>
         <value>0x3b97</value>
      </symbol>
      <symbol id="sm-7c7">
         <name>UsageFault_Handler</name>
         <value>0x3b97</value>
      </symbol>
      <symbol id="sm-7c8">
         <name>SVC_Handler</name>
         <value>0x3b97</value>
      </symbol>
      <symbol id="sm-7c9">
         <name>DebugMon_Handler</name>
         <value>0x3b97</value>
      </symbol>
      <symbol id="sm-7ca">
         <name>PendSV_Handler</name>
         <value>0x3b97</value>
      </symbol>
      <symbol id="sm-7cb">
         <name>SysTick_Handler</name>
         <value>0x3b97</value>
      </symbol>
      <symbol id="sm-7cc">
         <name>PSS_IRQHandler</name>
         <value>0x3b97</value>
      </symbol>
      <symbol id="sm-7cd">
         <name>CS_IRQHandler</name>
         <value>0x3b97</value>
      </symbol>
      <symbol id="sm-7ce">
         <name>PCM_IRQHandler</name>
         <value>0x3b97</value>
      </symbol>
      <symbol id="sm-7cf">
         <name>WDT_A_IRQHandler</name>
         <value>0x3b97</value>
      </symbol>
      <symbol id="sm-7d0">
         <name>FPU_IRQHandler</name>
         <value>0x3b97</value>
      </symbol>
      <symbol id="sm-7d1">
         <name>FLCTL_A_IRQHandler</name>
         <value>0x3b97</value>
      </symbol>
      <symbol id="sm-7d2">
         <name>COMP_E0_IRQHandler</name>
         <value>0x3b97</value>
      </symbol>
      <symbol id="sm-7d3">
         <name>COMP_E1_IRQHandler</name>
         <value>0x3b97</value>
      </symbol>
      <symbol id="sm-7d4">
         <name>TA0_0_IRQHandler</name>
         <value>0x3b97</value>
      </symbol>
      <symbol id="sm-7d5">
         <name>TA0_N_IRQHandler</name>
         <value>0x3b97</value>
      </symbol>
      <symbol id="sm-7d6">
         <name>TA1_0_IRQHandler</name>
         <value>0x3b97</value>
      </symbol>
      <symbol id="sm-7d7">
         <name>TA1_N_IRQHandler</name>
         <value>0x3b97</value>
      </symbol>
      <symbol id="sm-7d8">
         <name>TA2_0_IRQHandler</name>
         <value>0x3b97</value>
      </symbol>
      <symbol id="sm-7d9">
         <name>TA2_N_IRQHandler</name>
         <value>0x3b97</value>
      </symbol>
      <symbol id="sm-7da">
         <name>TA3_0_IRQHandler</name>
         <value>0x3b97</value>
      </symbol>
      <symbol id="sm-7db">
         <name>TA3_N_IRQHandler</name>
         <value>0x3b97</value>
      </symbol>
      <symbol id="sm-7dc">
         <name>EUSCIA0_IRQHandler</name>
         <value>0x3b97</value>
      </symbol>
      <symbol id="sm-7dd">
         <name>EUSCIA1_IRQHandler</name>
         <value>0x3b97</value>
      </symbol>
      <symbol id="sm-7de">
         <name>EUSCIA2_IRQHandler</name>
         <value>0x3b97</value>
      </symbol>
      <symbol id="sm-7df">
         <name>EUSCIA3_IRQHandler</name>
         <value>0x3b97</value>
      </symbol>
      <symbol id="sm-7e0">
         <name>EUSCIB0_IRQHandler</name>
         <value>0x3b97</value>
      </symbol>
      <symbol id="sm-7e1">
         <name>EUSCIB1_IRQHandler</name>
         <value>0x3b97</value>
      </symbol>
      <symbol id="sm-7e2">
         <name>EUSCIB2_IRQHandler</name>
         <value>0x3b97</value>
      </symbol>
      <symbol id="sm-7e3">
         <name>EUSCIB3_IRQHandler</name>
         <value>0x3b97</value>
      </symbol>
      <symbol id="sm-7e4">
         <name>ADC14_IRQHandler</name>
         <value>0x3b97</value>
      </symbol>
      <symbol id="sm-7e5">
         <name>T32_INT1_IRQHandler</name>
         <value>0x3b97</value>
      </symbol>
      <symbol id="sm-7e6">
         <name>T32_INT2_IRQHandler</name>
         <value>0x3b97</value>
      </symbol>
      <symbol id="sm-7e7">
         <name>T32_INTC_IRQHandler</name>
         <value>0x3b97</value>
      </symbol>
      <symbol id="sm-7e8">
         <name>AES256_IRQHandler</name>
         <value>0x3b97</value>
      </symbol>
      <symbol id="sm-7e9">
         <name>RTC_C_IRQHandler</name>
         <value>0x3b97</value>
      </symbol>
      <symbol id="sm-7ea">
         <name>DMA_ERR_IRQHandler</name>
         <value>0x3b97</value>
      </symbol>
      <symbol id="sm-7eb">
         <name>DMA_INT3_IRQHandler</name>
         <value>0x3b97</value>
      </symbol>
      <symbol id="sm-7ec">
         <name>DMA_INT2_IRQHandler</name>
         <value>0x3b97</value>
      </symbol>
      <symbol id="sm-7ed">
         <name>DMA_INT1_IRQHandler</name>
         <value>0x3b97</value>
      </symbol>
      <symbol id="sm-7ee">
         <name>DMA_INT0_IRQHandler</name>
         <value>0x3b97</value>
      </symbol>
      <symbol id="sm-7ef">
         <name>PORT1_IRQHandler</name>
         <value>0x3b97</value>
      </symbol>
      <symbol id="sm-7f0">
         <name>PORT2_IRQHandler</name>
         <value>0x3b97</value>
      </symbol>
      <symbol id="sm-7f1">
         <name>PORT3_IRQHandler</name>
         <value>0x3b97</value>
      </symbol>
      <symbol id="sm-7f2">
         <name>PORT4_IRQHandler</name>
         <value>0x3b97</value>
      </symbol>
      <symbol id="sm-7f3">
         <name>PORT5_IRQHandler</name>
         <value>0x3b97</value>
      </symbol>
      <symbol id="sm-7f4">
         <name>PORT6_IRQHandler</name>
         <value>0x3b97</value>
      </symbol>
      <symbol id="sm-7f5">
         <name>LCD_F_IRQHandler</name>
         <value>0x3b97</value>
      </symbol>
   </symbol_table>
   <title>Link successful</title>
</link_info>
