******************************************************************************
                  TI ARM Linker PC v18.12.4                    
******************************************************************************
>> Linked Mon Dec  2 13:27:14 2019

OUTPUT FILE NAME:   <progdevices.out>
ENTRY POINT SYMBOL: "_c_int00_noargs"  address: 000038ed


MEMORY CONFIGURATION

         name            origin    length      used     unused   attr    fill
----------------------  --------  ---------  --------  --------  ----  --------
  MAIN                  00000000   00200000  00004154  001fbeac  R  X
  INFO                  00200000   00008000  00000000  00008000  R  X
  SRAM_CODE             01000000   00040000  0000024e  0003fdb2  RW X
  SRAM_DATA             20000000   00040000  0000024e  0003fdb2  RW  


SEGMENT ALLOCATION MAP

run origin  load origin   length   init length attrs members
----------  ----------- ---------- ----------- ----- -------
00000000    00000000    00004158   00004158    r-x
  00000000    00000000    000000e8   000000e8    r-- .intvecs
  000000e8    000000e8    00003acc   00003acc    r-x .text
  00003bb4    00003bb4    00000568   00000568    r-- .const
  00004120    00004120    00000038   00000038    r-- .cinit
20000000    20000000    0000004e   00000000    rw-
  20000000    20000000    00000028   00000000    rw- .data
  20000028    20000028    00000026   00000000    rw- .bss
2003fe00    2003fe00    00000200   00000000    rw-
  2003fe00    2003fe00    00000200   00000000    rw- .stack


SECTION ALLOCATION MAP

 output                                  attributes/
section   page    origin      length       input sections
--------  ----  ----------  ----------   ----------------
.intvecs   0    00000000    000000e8     
                  00000000    000000e8     startup_msp432p4111_ccs.obj (.intvecs:retain)

.text      0    000000e8    00003acc     
                  000000e8    00000a4e     rtsv7M4_T_le_v4SPD16_eabi.lib : _printfi.c.obj (.text:__TI_printfi)
                  00000b36    00000002                                   : div0.asm.obj (.text)
                  00000b38    00000680     Crystalfontz128x128_ST7735.obj (.text)
                  000011b8    00000490     pong .obj (.text)
                  00001648    0000047e     grlib.a : string.obj (.text:Graphics_drawString)
                  00001ac6    00000002     --HOLE-- [fill = 0]
                  00001ac8    00000350     system_msp432p4111.obj (.text)
                  00001e18    00000270     rtsv7M4_T_le_v4SPD16_eabi.lib : _printfi.c.obj (.text:_pconv_a)
                  00002088    000001d0                                   : _printfi.c.obj (.text:_pconv_g)
                  00002258    000001b6                                   : fd_add_t2.asm.obj (.text)
                  0000240e    00000002     --HOLE-- [fill = 0]
                  00002410    0000015c     msp432p4xx_driverlib.lib : pcm.o (.text:__PCM_setPowerModeAdvanced)
                  0000256c    0000013c     rtsv7M4_T_le_v4SPD16_eabi.lib : _printfi.c.obj (.text:_pconv_e)
                  000026a8    00000136                                   : fd_div_t2.asm.obj (.text)
                  000027de    00000002     --HOLE-- [fill = 0]
                  000027e0    00000124                                   : _printfi.c.obj (.text:fcvt)
                  00002904    00000110                                   : s_scalbn.c.obj (.text:scalbn)
                  00002a14    00000108     msp432p4xx_driverlib.lib : pcm.o (.text:__PCM_setCoreVoltageLevelAdvanced)
                  00002b1c    000000fc     rtsv7M4_T_le_v4SPD16_eabi.lib : fd_mul_t2.asm.obj (.text)
                  00002c18    000000f4     main.obj (.text)
                  00002d0c    000000cc     HAL_MSP_EXP432P401R_Crystalfontz128x128_ST7735.obj (.text)
                  00002dd8    000000b1     rtsv7M4_T_le_v4SPD16_eabi.lib : _printfi.c.obj (.text:_ltostr)
                  00002e89    00000001     --HOLE-- [fill = 0]
                  00002e8a    000000b0     msp432p4xx_driverlib.lib : spi.o (.text:SPI_initMaster)
                  00002f3a    0000009c     grlib.a : line.obj (.text:Graphics_drawLineH)
                  00002fd6    0000009c     rtsv7M4_T_le_v4SPD16_eabi.lib : memcpy_t2.asm.obj (.text)
                  00003072    00000096                                   : ull_div_t2.asm.obj (.text)
                  00003108    00000088     msp432p4xx_driverlib.lib : gpio.o (.text:GPIO_setAsPeripheralModuleFunctionOutputPin)
                  00003190    00000086     rtsv7M4_T_le_v4SPD16_eabi.lib : fd_cmp_t2.asm.obj (.text:__aeabi_cdcmple)
                  00003216    00000086                                   : fd_cmp_t2.asm.obj (.text:__aeabi_cdrcmple)
                  0000329c    0000007a                                   : memset_t2.asm.obj (.text)
                  00003316    0000006e                                   : _printfi.c.obj (.text:_mcpy)
                  00003384    00000068                                   : copy_decompress_lzss.c.obj (.text:decompress:lzss:__TI_decompress_lzss)
                  000033ec    00000064                                   : s_frexp.c.obj (.text:frexp)
                  00003450    0000005e     msp432p4xx_driverlib.lib : pcm.o (.text:PCM_getCoreVoltageLevel)
                  000034ae    0000005a                              : pcm.o (.text:PCM_getPowerMode)
                  00003508    00000056     rtsv7M4_T_le_v4SPD16_eabi.lib : _printfi.c.obj (.text:_pconv_f)
                  0000355e    00000054                                   : ltoa.c.obj (.text:ltoa)
                  000035b2    00000052     grlib.a : context.obj (.text:Graphics_initContext)
                  00003604    00000052     rtsv7M4_T_le_v4SPD16_eabi.lib : _printfi.c.obj (.text:_ecpy)
                  00003656    00000002     --HOLE-- [fill = 0]
                  00003658    0000004c                                   : atoi.c.obj (.text:atoi)
                  000036a4    00000048     msp432p4xx_driverlib.lib : flash_a.o (.text:FlashCtl_A_setWaitState)
                  000036ec    00000048     rtsv7M4_T_le_v4SPD16_eabi.lib : fd_toi_t2.asm.obj (.text)
                  00003734    00000044                                   : autoinit.c.obj (.text:__TI_auto_init_nobinit_nopinit:__TI_auto_init_nobinit_nopinit)
                  00003778    00000040     msp432p4xx_driverlib.lib : gpio.o (.text:GPIO_setAsOutputPin)
                  000037b8    00000040     grlib.a : string.obj (.text:Graphics_getNumberOfLeadingZeros)
                  000037f8    00000040     msp432p4xx_driverlib.lib : spi.o (.text:is_A_Module)
                  00003838    00000040     rtsv7M4_T_le_v4SPD16_eabi.lib : sprintf.c.obj (.text:sprintf)
                  00003878    0000003e                                   : _printfi.c.obj (.text:_fcpy)
                  000038b6    00000036     grlib.a : display.obj (.text:Graphics_drawHorizontalLineOnDisplay)
                  000038ec    00000034     rtsv7M4_T_le_v4SPD16_eabi.lib : boot_cortex_m.c.obj (.text:_c_int00_noargs:_c_int00_noargs)
                  00003920    0000002e                                   : i_tofd_t2.asm.obj (.text)
                  0000394e    0000002c     grlib.a : display.obj (.text:Graphics_drawPixelOnDisplay)
                  0000397a    00000002     --HOLE-- [fill = 0]
                  0000397c    00000028     msp432p4xx_driverlib.lib : gpio.o (.text:GPIO_setOutputHighOnPin)
                  000039a4    00000028                              : gpio.o (.text:GPIO_setOutputLowOnPin)
                  000039cc    0000001c                              : spi.o (.text:SPI_enableModule)
                  000039e8    0000001c     rtsv7M4_T_le_v4SPD16_eabi.lib : copy_zero_init.c.obj (.text:decompress:ZI:__TI_zero_init_nomemset:__TI_zero_init_nomemset)
                  00003a04    0000001c                                   : memccpy.c.obj (.text:memccpy)
                  00003a20    0000001a     grlib.a : display.obj (.text:Graphics_clearDisplayOnDisplay)
                  00003a3a    0000001a             : context.obj (.text:Graphics_setBackgroundColor)
                  00003a54    0000001a             : context.obj (.text:Graphics_setFont)
                  00003a6e    0000001a     rtsv7M4_T_le_v4SPD16_eabi.lib : s_copysign.c.obj (.text:copysign)
                  00003a88    00000018                                   : sprintf.c.obj (.text:_outs)
                  00003aa0    00000016     msp432p4xx_driverlib.lib : spi.o (.text:EUSCI_A_SPI_enable)
                  00003ab6    00000016                              : spi.o (.text:EUSCI_B_SPI_enable)
                  00003acc    00000016     grlib.a : context.obj (.text:Graphics_setForegroundColor)
                  00003ae2    00000016             : display.obj (.text:Graphics_translateColorOnDisplay)
                  00003af8    00000016     rtsv7M4_T_le_v4SPD16_eabi.lib : strchr.c.obj (.text:strchr)
                  00003b0e    00000002     --HOLE-- [fill = 0]
                  00003b10    00000014     msp432p4xx_driverlib.lib : pcm.o (.text:PCM_getPowerState)
                  00003b24    00000014     rtsv7M4_T_le_v4SPD16_eabi.lib : strlen.c.obj (.text:strlen)
                  00003b38    00000012     grlib.a : context.obj (.text:Graphics_clearDisplay)
                  00003b4a    00000012     rtsv7M4_T_le_v4SPD16_eabi.lib : wcslen.c.obj (.text:wcslen)
                  00003b5c    00000010     msp432p4xx_driverlib.lib : pcm.o (.text:PCM_setCoreVoltageLevel)
                  00003b6c    00000010                              : pcm.o (.text:PCM_setPowerMode)
                  00003b7c    0000000e     rtsv7M4_T_le_v4SPD16_eabi.lib : copy_decompress_none.c.obj (.text:decompress:none:__TI_decompress_none)
                  00003b8a    0000000e     startup_msp432p4111_ccs.obj (.text)
                  00003b98    0000000a     rtsv7M4_T_le_v4SPD16_eabi.lib : sprintf.c.obj (.text:_outc)
                  00003ba2    00000002     --HOLE-- [fill = 0]
                  00003ba4    00000008                                   : errno.c.obj (.text:__aeabi_errno_addr)
                  00003bac    00000004                                   : pre_init.c.obj (.text:_system_pre_init)
                  00003bb0    00000004                                   : exit.c.obj (.text:abort:abort)

.const     0    00003bb4    00000568     
                  00003bb4    000002f8     fontfixed4x5.obj (.const:.string:g_pui4FontFixed4x5Data)
                  00003eac    00000101     rtsv7M4_T_le_v4SPD16_eabi.lib : ctype.c.obj (.const:.string:_ctypes_)
                  00003fad    00000003     --HOLE-- [fill = 0]
                  00003fb0    000000c8     fontfixed4x5.obj (.const:g_sFontFixed4x5)
                  00004078    00000030     msp432p4xx_driverlib.lib : gpio.o (.const:GPIO_PORT_TO_BASE)
                  000040a8    00000020     Crystalfontz128x128_ST7735.obj (.const:g_sCrystalfontz128x128_funcs)
                  000040c8    0000001c     HAL_MSP_EXP432P401R_Crystalfontz128x128_ST7735.obj (.const:$P$T0$1)
                  000040e4    00000018     pong .obj (.const:$P$T2$3)
                  000040fc    00000010     pong .obj (.const:$P$T1$2)
                  0000410c    00000008     Crystalfontz128x128_ST7735.obj (.const:$P$T0$1)
                  00004114    00000008     pong .obj (.const:$P$T0$1)

.cinit     0    00004120    00000038     
                  00004120    00000013     (.cinit..data.load) [load image, compression = lzss]
                  00004133    00000001     --HOLE-- [fill = 0]
                  00004134    0000000c     (__TI_handler_table)
                  00004140    00000008     (.cinit..bss.load) [load image, compression = zero_init]
                  00004148    00000010     (__TI_cinit_table)

.init_array 
*          0    00000000    00000000     UNINITIALIZED

.binit     0    00000000    00000000     

.data      0    20000000    00000028     UNINITIALIZED
                  20000000    00000010     Crystalfontz128x128_ST7735.obj (.data:g_sCrystalfontz128x128)
                  20000010    00000010     pong .obj (.data)
                  20000020    00000004     rtsv7M4_T_le_v4SPD16_eabi.lib : errno.c.obj (.data)
                  20000024    00000004     system_msp432p4111.obj (.data)

.bss       0    20000028    00000026     UNINITIALIZED
                  20000028    0000001c     (.common:g_sContext)
                  20000044    00000002     (.common:Lcd_ScreenHeigth)
                  20000046    00000002     (.common:Lcd_ScreenWidth)
                  20000048    00000002     (.common:Lcd_TouchTrim)
                  2000004a    00000001     (.common:Lcd_FlagRead)
                  2000004b    00000001     (.common:Lcd_FontSolid)
                  2000004c    00000001     (.common:Lcd_Orientation)
                  2000004d    00000001     (.common:Lcd_PenSolid)

.stack     0    2003fe00    00000200     UNINITIALIZED
                  2003fe00    00000004     rtsv7M4_T_le_v4SPD16_eabi.lib : boot_cortex_m.c.obj (.stack)
                  2003fe04    000001fc     --HOLE--

MODULE SUMMARY

       Module                                               code    ro data   rw data
       ------                                               ----    -------   -------
    .\
       pong .obj                                            1168    48        32     
       fontfixed4x5.obj                                     0       960       0      
       system_msp432p4111.obj                               848     0         8      
       main.obj                                             244     0         56     
       startup_msp432p4111_ccs.obj                          14      232       0      
    +--+----------------------------------------------------+-------+---------+---------+
       Total:                                               2274    1240      96     
                                                                                     
    .\LcdDriver\
       Crystalfontz128x128_ST7735.obj                       1664    40        52     
       HAL_MSP_EXP432P401R_Crystalfontz128x128_ST7735.obj   204     28        0      
    +--+----------------------------------------------------+-------+---------+---------+
       Total:                                               1868    68        52     
                                                                                     
    C:/ti/simplelink_msp432p4_sdk_3_20_00_06/source/ti/devices/msp432p4xx/driverlib/ccs/msp432p4xx_driverlib.lib
       pcm.o                                                848     0         0      
       gpio.o                                               280     48        0      
       spi.o                                                312     0         0      
       flash_a.o                                            72      0         0      
    +--+----------------------------------------------------+-------+---------+---------+
       Total:                                               1512    48        0      
                                                                                     
    C:/ti/simplelink_msp432p4_sdk_3_20_00_06/source/ti/grlib/lib/ccs/m4f/grlib.a
       string.obj                                           1214    0         0      
       context.obj                                          174     0         0      
       line.obj                                             156     0         0      
       display.obj                                          146     0         0      
    +--+----------------------------------------------------+-------+---------+---------+
       Total:                                               1690    0         0      
                                                                                     
    C:\ti\ccs910\ccs\tools\compiler\ti-cgt-arm_18.12.4.LTS\lib\rtsv7M4_T_le_v4SPD16_eabi.lib
       _printfi.c.obj                                       4851    0         0      
       fd_add_t2.asm.obj                                    438     0         0      
       fd_div_t2.asm.obj                                    310     0         0      
       s_scalbn.c.obj                                       272     0         0      
       fd_cmp_t2.asm.obj                                    268     0         0      
       ctype.c.obj                                          0       257       0      
       fd_mul_t2.asm.obj                                    252     0         0      
       memcpy_t2.asm.obj                                    156     0         0      
       ull_div_t2.asm.obj                                   150     0         0      
       memset_t2.asm.obj                                    122     0         0      
       copy_decompress_lzss.c.obj                           104     0         0      
       s_frexp.c.obj                                        100     0         0      
       sprintf.c.obj                                        98      0         0      
       ltoa.c.obj                                           84      0         0      
       atoi.c.obj                                           76      0         0      
       fd_toi_t2.asm.obj                                    72      0         0      
       autoinit.c.obj                                       68      0         0      
       boot_cortex_m.c.obj                                  52      0         0      
       i_tofd_t2.asm.obj                                    46      0         0      
       copy_zero_init.c.obj                                 28      0         0      
       memccpy.c.obj                                        28      0         0      
       s_copysign.c.obj                                     26      0         0      
       strchr.c.obj                                         22      0         0      
       strlen.c.obj                                         20      0         0      
       wcslen.c.obj                                         18      0         0      
       errno.c.obj                                          8       0         8      
       copy_decompress_none.c.obj                           14      0         0      
       exit.c.obj                                           4       0         0      
       pre_init.c.obj                                       4       0         0      
       div0.asm.obj                                         2       0         0      
    +--+----------------------------------------------------+-------+---------+---------+
       Total:                                               7693    257       8      
                                                                                     
       Stack:                                               0       0         1024   
       Linker Generated:                                    0       55        0      
    +--+----------------------------------------------------+-------+---------+---------+
       Grand Total:                                         15037   1668      1180   


LINKER GENERATED COPY TABLES

__TI_cinit_table @ 00004148 records: 2, size/record: 8, table size: 16
	.data: load addr=00004120, load size=00000013 bytes, run addr=20000000, run size=00000028 bytes, compression=lzss
	.bss: load addr=00004140, load size=00000008 bytes, run addr=20000028, run size=00000026 bytes, compression=zero_init


LINKER GENERATED HANDLER TABLE

__TI_handler_table @ 00004134 records: 3, size/record: 4, table size: 12
	index: 0, handler: __TI_decompress_lzss
	index: 1, handler: __TI_decompress_none
	index: 2, handler: __TI_zero_init


GLOBAL SYMBOLS: SORTED ALPHABETICALLY BY Name 

address   name                                       
-------   ----                                       
00003b97  ADC14_IRQHandler                           
00003b97  AES256_IRQHandler                          
00003b97  BusFault_Handler                           
00003bb1  C$$EXIT                                    
00003b97  COMP_E0_IRQHandler                         
00003b97  COMP_E1_IRQHandler                         
00003b97  CS_IRQHandler                              
00000b39  Crystalfontz128x128_Init                   
00000c4d  Crystalfontz128x128_SetDrawFrame           
00000d7b  Crystalfontz128x128_SetOrientation         
00003b97  DMA_ERR_IRQHandler                         
00003b97  DMA_INT0_IRQHandler                        
00003b97  DMA_INT1_IRQHandler                        
00003b97  DMA_INT2_IRQHandler                        
00003b97  DMA_INT3_IRQHandler                        
00003b97  DebugMon_Handler                           
00003b97  Default_Handler                            
00003b97  EUSCIA0_IRQHandler                         
00003b97  EUSCIA1_IRQHandler                         
00003b97  EUSCIA2_IRQHandler                         
00003b97  EUSCIA3_IRQHandler                         
00003b97  EUSCIB0_IRQHandler                         
00003b97  EUSCIB1_IRQHandler                         
00003b97  EUSCIB2_IRQHandler                         
00003b97  EUSCIB3_IRQHandler                         
00003aa1  EUSCI_A_SPI_enable                         
00003ab7  EUSCI_B_SPI_enable                         
00003b97  FLCTL_A_IRQHandler                         
00003b97  FPU_IRQHandler                             
000036a5  FlashCtl_A_setWaitState                    
00003779  GPIO_setAsOutputPin                        
00003109  GPIO_setAsPeripheralModuleFunctionOutputPin
0000397d  GPIO_setOutputHighOnPin                    
000039a5  GPIO_setOutputLowOnPin                     
00003b39  Graphics_clearDisplay                      
00003a21  Graphics_clearDisplayOnDisplay             
000038b7  Graphics_drawHorizontalLineOnDisplay       
00002f3b  Graphics_drawLineH                         
0000394f  Graphics_drawPixelOnDisplay                
00001649  Graphics_drawString                        
000035b3  Graphics_initContext                       
00003a3b  Graphics_setBackgroundColor                
00003a55  Graphics_setFont                           
00003acd  Graphics_setForegroundColor                
00003ae3  Graphics_translateColorOnDisplay           
00002d0d  HAL_LCD_PortInit                           
00002d3d  HAL_LCD_SpiInit                            
00002d73  HAL_LCD_writeCommand                       
00002da3  HAL_LCD_writeData                          
00003b97  HardFault_Handler                          
00003b97  LCD_F_IRQHandler                           
2000004a  Lcd_FlagRead                               
2000004b  Lcd_FontSolid                              
2000004c  Lcd_Orientation                            
2000004d  Lcd_PenSolid                               
20000044  Lcd_ScreenHeigth                           
20000046  Lcd_ScreenWidth                            
20000048  Lcd_TouchTrim                              
00003b97  MemManage_Handler                          
00003b97  NMI_Handler                                
00003b97  PCM_IRQHandler                             
00003451  PCM_getCoreVoltageLevel                    
000034af  PCM_getPowerMode                           
00003b11  PCM_getPowerState                          
00003b5d  PCM_setCoreVoltageLevel                    
00003b6d  PCM_setPowerMode                           
00003b97  PORT1_IRQHandler                           
00003b97  PORT2_IRQHandler                           
00003b97  PORT3_IRQHandler                           
00003b97  PORT4_IRQHandler                           
00003b97  PORT5_IRQHandler                           
00003b97  PORT6_IRQHandler                           
00003b97  PSS_IRQHandler                             
00003b97  PendSV_Handler                             
00003b97  RTC_C_IRQHandler                           
00003b8b  Reset_Handler                              
000039cd  SPI_enableModule                           
00002e8b  SPI_initMaster                             
00003b97  SVC_Handler                                
00003b97  SysTick_Handler                            
20000024  SystemCoreClock                            
00001ac9  SystemCoreClockUpdate                      
00001d41  SystemInit                                 
00003b97  T32_INT1_IRQHandler                        
00003b97  T32_INT2_IRQHandler                        
00003b97  T32_INTC_IRQHandler                        
00003b97  TA0_0_IRQHandler                           
00003b97  TA0_N_IRQHandler                           
00003b97  TA1_0_IRQHandler                           
00003b97  TA1_N_IRQHandler                           
00003b97  TA2_0_IRQHandler                           
00003b97  TA2_N_IRQHandler                           
00003b97  TA3_0_IRQHandler                           
00003b97  TA3_N_IRQHandler                           
00003b97  UsageFault_Handler                         
4000480c  WDTCTL_SYM                                 
00003b97  WDT_A_IRQHandler                           
20040000  __STACK_END                                
00000200  __STACK_SIZE                               
00004148  __TI_CINIT_Base                            
00004158  __TI_CINIT_Limit                           
00004134  __TI_Handler_Table_Base                    
00004140  __TI_Handler_Table_Limit                   
00003735  __TI_auto_init_nobinit_nopinit             
00003385  __TI_decompress_lzss                       
00003b7d  __TI_decompress_none                       
ffffffff  __TI_pprof_out_hndl                        
000000e9  __TI_printfi                               
ffffffff  __TI_prof_data_size                        
ffffffff  __TI_prof_data_start                       
00000000  __TI_static_base__                         
000039e9  __TI_zero_init_nomemset                    
00003191  __aeabi_cdcmpeq                            
00003191  __aeabi_cdcmple                            
00003217  __aeabi_cdrcmple                           
000036ed  __aeabi_d2iz                               
00002263  __aeabi_dadd                               
000026a9  __aeabi_ddiv                               
00002b1d  __aeabi_dmul                               
00002259  __aeabi_dsub                               
00003ba5  __aeabi_errno_addr                         
00003921  __aeabi_i2d                                
00000b37  __aeabi_idiv0                              
00000b37  __aeabi_ldiv0                              
0000329d  __aeabi_memclr                             
0000329d  __aeabi_memclr4                            
0000329d  __aeabi_memclr8                            
00002fd7  __aeabi_memcpy                             
00002fd7  __aeabi_memcpy4                            
00002fd7  __aeabi_memcpy8                            
0000329f  __aeabi_memset                             
0000329f  __aeabi_memset4                            
0000329f  __aeabi_memset8                            
00003073  __aeabi_uldivmod                           
ffffffff  __binit__                                  
ffffffff  __c_args__                                 
UNDEFED   __mpu_init                                 
2003fe00  __stack                                    
000038ed  _c_int00_noargs                            
00003eac  _ctypes_                                   
UNDEFED   _system_post_cinit                         
00003bad  _system_pre_init                           
00003bb1  abort                                      
00003659  atoi                                       
ffffffff  binit                                      
00001551  cgetc                                      
00003a6f  copysign                                   
00003a6f  copysignl                                  
00001429  draw_ball                                  
00001455  draw_paddle                                
00001499  draw_score                                 
20000020  errno                                      
000033ed  frexp                                      
000033ed  frexpl                                     
00003bb4  g_pui4FontFixed4x5Data                     
20000028  g_sContext                                 
20000000  g_sCrystalfontz128x128                     
000040a8  g_sCrystalfontz128x128_funcs               
00003fb0  g_sFontFixed4x5                            
00000000  interruptVectors                           
000014ed  kbdhit                                     
00002905  ldexp                                      
00002905  ldexpl                                     
0000355f  ltoa                                       
00002c19  main                                       
00003a05  memccpy                                    
00002fd7  memcpy                                     
000032a5  memset                                     
000013dd  paddle_collisions                          
00001331  paddle_pos                                 
000011b9  pong                                       
00002905  scalbn                                     
00002905  scalbnl                                    
00003839  sprintf                                    
00003af9  strchr                                     
00003b25  strlen                                     
00001377  wall_collisions                            
00003b4b  wcslen                                     


GLOBAL SYMBOLS: SORTED BY Symbol Address 

address   name                                       
-------   ----                                       
00000000  __TI_static_base__                         
00000000  interruptVectors                           
000000e9  __TI_printfi                               
00000200  __STACK_SIZE                               
00000b37  __aeabi_idiv0                              
00000b37  __aeabi_ldiv0                              
00000b39  Crystalfontz128x128_Init                   
00000c4d  Crystalfontz128x128_SetDrawFrame           
00000d7b  Crystalfontz128x128_SetOrientation         
000011b9  pong                                       
00001331  paddle_pos                                 
00001377  wall_collisions                            
000013dd  paddle_collisions                          
00001429  draw_ball                                  
00001455  draw_paddle                                
00001499  draw_score                                 
000014ed  kbdhit                                     
00001551  cgetc                                      
00001649  Graphics_drawString                        
00001ac9  SystemCoreClockUpdate                      
00001d41  SystemInit                                 
00002259  __aeabi_dsub                               
00002263  __aeabi_dadd                               
000026a9  __aeabi_ddiv                               
00002905  ldexp                                      
00002905  ldexpl                                     
00002905  scalbn                                     
00002905  scalbnl                                    
00002b1d  __aeabi_dmul                               
00002c19  main                                       
00002d0d  HAL_LCD_PortInit                           
00002d3d  HAL_LCD_SpiInit                            
00002d73  HAL_LCD_writeCommand                       
00002da3  HAL_LCD_writeData                          
00002e8b  SPI_initMaster                             
00002f3b  Graphics_drawLineH                         
00002fd7  __aeabi_memcpy                             
00002fd7  __aeabi_memcpy4                            
00002fd7  __aeabi_memcpy8                            
00002fd7  memcpy                                     
00003073  __aeabi_uldivmod                           
00003109  GPIO_setAsPeripheralModuleFunctionOutputPin
00003191  __aeabi_cdcmpeq                            
00003191  __aeabi_cdcmple                            
00003217  __aeabi_cdrcmple                           
0000329d  __aeabi_memclr                             
0000329d  __aeabi_memclr4                            
0000329d  __aeabi_memclr8                            
0000329f  __aeabi_memset                             
0000329f  __aeabi_memset4                            
0000329f  __aeabi_memset8                            
000032a5  memset                                     
00003385  __TI_decompress_lzss                       
000033ed  frexp                                      
000033ed  frexpl                                     
00003451  PCM_getCoreVoltageLevel                    
000034af  PCM_getPowerMode                           
0000355f  ltoa                                       
000035b3  Graphics_initContext                       
00003659  atoi                                       
000036a5  FlashCtl_A_setWaitState                    
000036ed  __aeabi_d2iz                               
00003735  __TI_auto_init_nobinit_nopinit             
00003779  GPIO_setAsOutputPin                        
00003839  sprintf                                    
000038b7  Graphics_drawHorizontalLineOnDisplay       
000038ed  _c_int00_noargs                            
00003921  __aeabi_i2d                                
0000394f  Graphics_drawPixelOnDisplay                
0000397d  GPIO_setOutputHighOnPin                    
000039a5  GPIO_setOutputLowOnPin                     
000039cd  SPI_enableModule                           
000039e9  __TI_zero_init_nomemset                    
00003a05  memccpy                                    
00003a21  Graphics_clearDisplayOnDisplay             
00003a3b  Graphics_setBackgroundColor                
00003a55  Graphics_setFont                           
00003a6f  copysign                                   
00003a6f  copysignl                                  
00003aa1  EUSCI_A_SPI_enable                         
00003ab7  EUSCI_B_SPI_enable                         
00003acd  Graphics_setForegroundColor                
00003ae3  Graphics_translateColorOnDisplay           
00003af9  strchr                                     
00003b11  PCM_getPowerState                          
00003b25  strlen                                     
00003b39  Graphics_clearDisplay                      
00003b4b  wcslen                                     
00003b5d  PCM_setCoreVoltageLevel                    
00003b6d  PCM_setPowerMode                           
00003b7d  __TI_decompress_none                       
00003b8b  Reset_Handler                              
00003b97  ADC14_IRQHandler                           
00003b97  AES256_IRQHandler                          
00003b97  BusFault_Handler                           
00003b97  COMP_E0_IRQHandler                         
00003b97  COMP_E1_IRQHandler                         
00003b97  CS_IRQHandler                              
00003b97  DMA_ERR_IRQHandler                         
00003b97  DMA_INT0_IRQHandler                        
00003b97  DMA_INT1_IRQHandler                        
00003b97  DMA_INT2_IRQHandler                        
00003b97  DMA_INT3_IRQHandler                        
00003b97  DebugMon_Handler                           
00003b97  Default_Handler                            
00003b97  EUSCIA0_IRQHandler                         
00003b97  EUSCIA1_IRQHandler                         
00003b97  EUSCIA2_IRQHandler                         
00003b97  EUSCIA3_IRQHandler                         
00003b97  EUSCIB0_IRQHandler                         
00003b97  EUSCIB1_IRQHandler                         
00003b97  EUSCIB2_IRQHandler                         
00003b97  EUSCIB3_IRQHandler                         
00003b97  FLCTL_A_IRQHandler                         
00003b97  FPU_IRQHandler                             
00003b97  HardFault_Handler                          
00003b97  LCD_F_IRQHandler                           
00003b97  MemManage_Handler                          
00003b97  NMI_Handler                                
00003b97  PCM_IRQHandler                             
00003b97  PORT1_IRQHandler                           
00003b97  PORT2_IRQHandler                           
00003b97  PORT3_IRQHandler                           
00003b97  PORT4_IRQHandler                           
00003b97  PORT5_IRQHandler                           
00003b97  PORT6_IRQHandler                           
00003b97  PSS_IRQHandler                             
00003b97  PendSV_Handler                             
00003b97  RTC_C_IRQHandler                           
00003b97  SVC_Handler                                
00003b97  SysTick_Handler                            
00003b97  T32_INT1_IRQHandler                        
00003b97  T32_INT2_IRQHandler                        
00003b97  T32_INTC_IRQHandler                        
00003b97  TA0_0_IRQHandler                           
00003b97  TA0_N_IRQHandler                           
00003b97  TA1_0_IRQHandler                           
00003b97  TA1_N_IRQHandler                           
00003b97  TA2_0_IRQHandler                           
00003b97  TA2_N_IRQHandler                           
00003b97  TA3_0_IRQHandler                           
00003b97  TA3_N_IRQHandler                           
00003b97  UsageFault_Handler                         
00003b97  WDT_A_IRQHandler                           
00003ba5  __aeabi_errno_addr                         
00003bad  _system_pre_init                           
00003bb1  C$$EXIT                                    
00003bb1  abort                                      
00003bb4  g_pui4FontFixed4x5Data                     
00003eac  _ctypes_                                   
00003fb0  g_sFontFixed4x5                            
000040a8  g_sCrystalfontz128x128_funcs               
00004134  __TI_Handler_Table_Base                    
00004140  __TI_Handler_Table_Limit                   
00004148  __TI_CINIT_Base                            
00004158  __TI_CINIT_Limit                           
20000000  g_sCrystalfontz128x128                     
20000020  errno                                      
20000024  SystemCoreClock                            
20000028  g_sContext                                 
20000044  Lcd_ScreenHeigth                           
20000046  Lcd_ScreenWidth                            
20000048  Lcd_TouchTrim                              
2000004a  Lcd_FlagRead                               
2000004b  Lcd_FontSolid                              
2000004c  Lcd_Orientation                            
2000004d  Lcd_PenSolid                               
2003fe00  __stack                                    
20040000  __STACK_END                                
4000480c  WDTCTL_SYM                                 
ffffffff  __TI_pprof_out_hndl                        
ffffffff  __TI_prof_data_size                        
ffffffff  __TI_prof_data_start                       
ffffffff  __binit__                                  
ffffffff  __c_args__                                 
ffffffff  binit                                      
UNDEFED   __mpu_init                                 
UNDEFED   _system_post_cinit                         

[178 symbols]
